Archive member included to satisfy reference by file (symbol)

c:/program files (x86)/gnu tools arm embedded/5.4 2016q2/bin/../lib/gcc/arm-none-eabi/5.4.1/../../../../arm-none-eabi/lib/armv7e-m\libg_nano.a(lib_a-atoi.o)
                              ./src/main.o (atoi)
c:/program files (x86)/gnu tools arm embedded/5.4 2016q2/bin/../lib/gcc/arm-none-eabi/5.4.1/../../../../arm-none-eabi/lib/armv7e-m\libg_nano.a(lib_a-ctype_.o)
                              ./system/src/newlib/_syscalls.o (__ctype_ptr__)
c:/program files (x86)/gnu tools arm embedded/5.4 2016q2/bin/../lib/gcc/arm-none-eabi/5.4.1/../../../../arm-none-eabi/lib/armv7e-m\libg_nano.a(lib_a-errno.o)
                              ./system/src/newlib/_sbrk.o (__errno)
c:/program files (x86)/gnu tools arm embedded/5.4 2016q2/bin/../lib/gcc/arm-none-eabi/5.4.1/../../../../arm-none-eabi/lib/armv7e-m\libg_nano.a(lib_a-findfp.o)
                              ./system/src/newlib/_syscalls.o (__sinit)
c:/program files (x86)/gnu tools arm embedded/5.4 2016q2/bin/../lib/gcc/arm-none-eabi/5.4.1/../../../../arm-none-eabi/lib/armv7e-m\libg_nano.a(lib_a-fwalk.o)
                              c:/program files (x86)/gnu tools arm embedded/5.4 2016q2/bin/../lib/gcc/arm-none-eabi/5.4.1/../../../../arm-none-eabi/lib/armv7e-m\libg_nano.a(lib_a-findfp.o) (_fwalk)
c:/program files (x86)/gnu tools arm embedded/5.4 2016q2/bin/../lib/gcc/arm-none-eabi/5.4.1/../../../../arm-none-eabi/lib/armv7e-m\libg_nano.a(lib_a-fwrite.o)
                              ./src/main.o (fwrite)
c:/program files (x86)/gnu tools arm embedded/5.4 2016q2/bin/../lib/gcc/arm-none-eabi/5.4.1/../../../../arm-none-eabi/lib/armv7e-m\libg_nano.a(lib_a-impure.o)
                              c:/program files (x86)/gnu tools arm embedded/5.4 2016q2/bin/../lib/gcc/arm-none-eabi/5.4.1/../../../../arm-none-eabi/lib/armv7e-m\libg_nano.a(lib_a-findfp.o) (_global_impure_ptr)
c:/program files (x86)/gnu tools arm embedded/5.4 2016q2/bin/../lib/gcc/arm-none-eabi/5.4.1/../../../../arm-none-eabi/lib/armv7e-m\libg_nano.a(lib_a-memset.o)
                              ./system/src/newlib/_syscalls.o (memset)
c:/program files (x86)/gnu tools arm embedded/5.4 2016q2/bin/../lib/gcc/arm-none-eabi/5.4.1/../../../../arm-none-eabi/lib/armv7e-m\libg_nano.a(lib_a-nano-mallocr.o)
                              c:/program files (x86)/gnu tools arm embedded/5.4 2016q2/bin/../lib/gcc/arm-none-eabi/5.4.1/../../../../arm-none-eabi/lib/armv7e-m\libg_nano.a(lib_a-findfp.o) (_malloc_r)
c:/program files (x86)/gnu tools arm embedded/5.4 2016q2/bin/../lib/gcc/arm-none-eabi/5.4.1/../../../../arm-none-eabi/lib/armv7e-m\libg_nano.a(lib_a-puts.o)
                              ./src/main.o (puts)
c:/program files (x86)/gnu tools arm embedded/5.4 2016q2/bin/../lib/gcc/arm-none-eabi/5.4.1/../../../../arm-none-eabi/lib/armv7e-m\libg_nano.a(lib_a-sbrkr.o)
                              c:/program files (x86)/gnu tools arm embedded/5.4 2016q2/bin/../lib/gcc/arm-none-eabi/5.4.1/../../../../arm-none-eabi/lib/armv7e-m\libg_nano.a(lib_a-nano-mallocr.o) (_sbrk_r)
c:/program files (x86)/gnu tools arm embedded/5.4 2016q2/bin/../lib/gcc/arm-none-eabi/5.4.1/../../../../arm-none-eabi/lib/armv7e-m\libg_nano.a(lib_a-stdio.o)
                              c:/program files (x86)/gnu tools arm embedded/5.4 2016q2/bin/../lib/gcc/arm-none-eabi/5.4.1/../../../../arm-none-eabi/lib/armv7e-m\libg_nano.a(lib_a-findfp.o) (__sread)
c:/program files (x86)/gnu tools arm embedded/5.4 2016q2/bin/../lib/gcc/arm-none-eabi/5.4.1/../../../../arm-none-eabi/lib/armv7e-m\libg_nano.a(lib_a-strcmp.o)
                              ./system/src/cortexm/exception_handlers.o (strcmp)
c:/program files (x86)/gnu tools arm embedded/5.4 2016q2/bin/../lib/gcc/arm-none-eabi/5.4.1/../../../../arm-none-eabi/lib/armv7e-m\libg_nano.a(lib_a-strlen.o)
                              ./system/src/newlib/_syscalls.o (strlen)
c:/program files (x86)/gnu tools arm embedded/5.4 2016q2/bin/../lib/gcc/arm-none-eabi/5.4.1/../../../../arm-none-eabi/lib/armv7e-m\libg_nano.a(lib_a-strncpy.o)
                              ./system/src/newlib/_syscalls.o (strncpy)
c:/program files (x86)/gnu tools arm embedded/5.4 2016q2/bin/../lib/gcc/arm-none-eabi/5.4.1/../../../../arm-none-eabi/lib/armv7e-m\libg_nano.a(lib_a-strtol.o)
                              c:/program files (x86)/gnu tools arm embedded/5.4 2016q2/bin/../lib/gcc/arm-none-eabi/5.4.1/../../../../arm-none-eabi/lib/armv7e-m\libg_nano.a(lib_a-atoi.o) (_strtol_r)
c:/program files (x86)/gnu tools arm embedded/5.4 2016q2/bin/../lib/gcc/arm-none-eabi/5.4.1/../../../../arm-none-eabi/lib/armv7e-m\libg_nano.a(lib_a-vsnprintf.o)
                              ./system/src/diag/Trace.o (vsnprintf)
c:/program files (x86)/gnu tools arm embedded/5.4 2016q2/bin/../lib/gcc/arm-none-eabi/5.4.1/../../../../arm-none-eabi/lib/armv7e-m\libg_nano.a(lib_a-wbuf.o)
[...]
Memory Configuration

Name             Origin             Length             Attributes
RAM              0x20000000         0x00020000         xrw
CCMRAM           0x10000000         0x00010000         xrw
FLASH            0x08000000         0x00100000         xr
FLASHB1          0x00000000         0x00000000         xr
EXTMEMB0         0x00000000         0x00000000         xr
EXTMEMB1         0x00000000         0x00000000         xr
EXTMEMB2         0x00000000         0x00000000         xr
EXTMEMB3         0x00000000         0x00000000         xr
MEMORY_ARRAY     0x20002000         0x00000020         xrw
*default*        0x00000000         0xffffffff

Linker script and memory map

LOAD ./system/src/stm32f4-hal/stm32f4xx_hal.o
LOAD ./system/src/stm32f4-hal/stm32f4xx_hal_cortex.o
LOAD ./system/src/stm32f4-hal/stm32f4xx_hal_flash.o
LOAD ./system/src/stm32f4-hal/stm32f4xx_hal_gpio.o
LOAD ./system/src/stm32f4-hal/stm32f4xx_hal_iwdg.o
LOAD ./system/src/stm32f4-hal/stm32f4xx_hal_pwr.o
LOAD ./system/src/stm32f4-hal/stm32f4xx_hal_rcc.o
LOAD ./system/src/newlib/_cxx.o
LOAD ./system/src/newlib/_exit.o
LOAD ./system/src/newlib/_sbrk.o
LOAD ./system/src/newlib/_startup.o
LOAD ./system/src/newlib/_syscalls.o
LOAD ./system/src/newlib/assert.o
LOAD ./system/src/diag/Trace.o
LOAD ./system/src/diag/trace_impl.o
LOAD ./system/src/cortexm/_initialize_hardware.o
LOAD ./system/src/cortexm/_reset_hardware.o
LOAD ./system/src/cortexm/exception_handlers.o
LOAD ./system/src/cmsis/system_stm32f4xx.o
LOAD ./system/src/cmsis/vectors_stm32f407xx.o
LOAD ./src/BlinkLed.o
LOAD ./src/Timer.o
LOAD ./src/_initialize_hardware.o
LOAD ./src/_write.o
LOAD ./src/main.o
LOAD ./src/stm32f4xx_hal_msp.o
LOAD c:/program files (x86)/gnu tools arm embedded/5.4 2016q2/bin/../lib/gcc/arm-none-eabi/5.4.1/../../../../arm-none-eabi/lib/armv7e-m\libstdc++_nano.a
LOAD c:/program files (x86)/gnu tools arm embedded/5.4 2016q2/bin/../lib/gcc/arm-none-eabi/5.4.1/../../../../arm-none-eabi/lib/armv7e-m\libm.a
START GROUP
LOAD c:/program files (x86)/gnu tools arm embedded/5.4 2016q2/bin/../lib/gcc/arm-none-eabi/5.4.1/armv7e-m\libgcc.a
LOAD c:/program files (x86)/gnu tools arm embedded/5.4 2016q2/bin/../lib/gcc/arm-none-eabi/5.4.1/../../../../arm-none-eabi/lib/armv7e-m\libg_nano.a
LOAD c:/program files (x86)/gnu tools arm embedded/5.4 2016q2/bin/../lib/gcc/arm-none-eabi/5.4.1/../../../../arm-none-eabi/lib/armv7e-m\libc_nano.a
END GROUP
START GROUP
LOAD c:/program files (x86)/gnu tools arm embedded/5.4 2016q2/bin/../lib/gcc/arm-none-eabi/5.4.1/armv7e-m\libgcc.a
LOAD c:/program files (x86)/gnu tools arm embedded/5.4 2016q2/bin/../lib/gcc/arm-none-eabi/5.4.1/../../../../arm-none-eabi/lib/armv7e-m\libc_nano.a
END GROUP
                0x20020000                __stack = (ORIGIN (RAM) + LENGTH (RAM))
                0x20020000                _estack = __stack
                0x00000400                __Main_Stack_Size = 0x400
                [!provide]                PROVIDE (_Main_Stack_Size, __Main_Stack_Size)
                0x2001fc00                __Main_Stack_Limit = (__stack - __Main_Stack_Size)
                [!provide]                PROVIDE (_Main_Stack_Limit, __Main_Stack_Limit)
                0x00000100                _Minimum_Stack_Size = 0x100
                0x20000238                PROVIDE (_Heap_Begin, _end_noinit)
                0x2001fc00                PROVIDE (_Heap_Limit, (__stack - __Main_Stack_Size))

.isr_vector     0x08000000      0x3ec
 FILL mask 0xff
                0x08000000                __vectors_start = ABSOLUTE (.)
                0x08000000                __vectors_start__ = ABSOLUTE (.)
 *(.isr_vector)
 .isr_vector    0x08000000      0x188 ./system/src/cmsis/vectors_stm32f407xx.o
                0x08000000                __isr_vectors
 *(.cfmconfig)
 *(.after_vectors .after_vectors.*)
 .after_vectors
                0x08000188      0x130 ./system/src/newlib/_startup.o
                0x08000188                _start
 .after_vectors
                0x080002b8      0x130 ./system/src/cortexm/exception_handlers.o
                0x080002b8                Reset_Handler
                0x080002c0                NMI_Handler
                0x080002c4                HardFault_Handler
                0x080002d8                HardFault_Handler_C
                0x08000338                MemManage_Handler
                0x0800033c                BusFault_Handler
                0x08000350                BusFault_Handler_C
                0x08000384                UsageFault_Handler
                0x08000398                UsageFault_Handler_C
                0x080003cc                SVC_Handler
                0x080003d0                DebugMon_Handler
                0x080003d4                PendSV_Handler
 .after_vectors
                0x080003e8        0x4 ./system/src/cmsis/vectors_stm32f407xx.o
                0x080003e8                RTC_Alarm_IRQHandler
                0x080003e8                HASH_RNG_IRQHandler
                0x080003e8                EXTI2_IRQHandler
                0x080003e8                TIM8_CC_IRQHandler
                0x080003e8                TIM1_CC_IRQHandler
                0x080003e8                DMA2_Stream5_IRQHandler
                0x080003e8                DMA1_Stream5_IRQHandler
                0x080003e8                PVD_IRQHandler
                0x080003e8                SDIO_IRQHandler
                0x080003e8                TAMP_STAMP_IRQHandler
                0x080003e8                CAN2_RX1_IRQHandler
                0x080003e8                EXTI3_IRQHandler
                0x080003e8                TIM8_TRG_COM_TIM14_IRQHandler
                0x080003e8                TIM1_UP_TIM10_IRQHandler
                0x080003e8                TIM8_UP_TIM13_IRQHandler
                0x080003e8                I2C3_ER_IRQHandler
                0x080003e8                EXTI0_IRQHandler
                0x080003e8                I2C2_EV_IRQHandler
                0x080003e8                DMA1_Stream2_IRQHandler
                0x080003e8                CAN1_RX0_IRQHandler
                0x080003e8                FPU_IRQHandler
                0x080003e8                OTG_HS_WKUP_IRQHandler
                0x080003e8                CAN2_SCE_IRQHandler
                0x080003e8                DMA2_Stream2_IRQHandler
                0x080003e8                SPI1_IRQHandler
                0x080003e8                TIM6_DAC_IRQHandler
                0x080003e8                TIM1_BRK_TIM9_IRQHandler
                0x080003e8                DCMI_IRQHandler
                0x080003e8                CAN2_RX0_IRQHandler
                0x080003e8                DMA2_Stream3_IRQHandler
                0x080003e8                USART6_IRQHandler
                0x080003e8                USART3_IRQHandler
                0x080003e8                CAN1_RX1_IRQHandler
                0x080003e8                UART5_IRQHandler
                0x080003e8                DMA2_Stream0_IRQHandler
                0x080003e8                TIM4_IRQHandler
                0x080003e8                I2C1_EV_IRQHandler
                0x080003e8                DMA1_Stream6_IRQHandler
                0x080003e8                DMA1_Stream1_IRQHandler
                0x080003e8                UART4_IRQHandler
                0x080003e8                TIM3_IRQHandler
                0x080003e8                RCC_IRQHandler
                0x080003e8                TIM8_BRK_TIM12_IRQHandler
                0x080003e8                Default_Handler
                0x080003e8                EXTI15_10_IRQHandler
                0x080003e8                ADC_IRQHandler
                0x080003e8                DMA1_Stream7_IRQHandler
                0x080003e8                TIM7_IRQHandler
                0x080003e8                CAN2_TX_IRQHandler
                0x080003e8                TIM5_IRQHandler
                0x080003e8                DMA2_Stream7_IRQHandler
                0x080003e8                I2C3_EV_IRQHandler
                0x080003e8                EXTI9_5_IRQHandler
                0x080003e8                RTC_WKUP_IRQHandler
                0x080003e8                ETH_WKUP_IRQHandler
                0x080003e8                SPI2_IRQHandler
                0x080003e8                OTG_HS_EP1_IN_IRQHandler
                0x080003e8                DMA1_Stream0_IRQHandler
                0x080003e8                CAN1_TX_IRQHandler
                0x080003e8                EXTI4_IRQHandler
                0x080003e8                ETH_IRQHandler
                0x080003e8                OTG_HS_EP1_OUT_IRQHandler
                0x080003e8                WWDG_IRQHandler
                0x080003e8                TIM2_IRQHandler
                0x080003e8                OTG_FS_WKUP_IRQHandler
                0x080003e8                TIM1_TRG_COM_TIM11_IRQHandler
                0x080003e8                OTG_HS_IRQHandler
                0x080003e8                EXTI1_IRQHandler
                0x080003e8                USART2_IRQHandler
                0x080003e8                I2C2_ER_IRQHandler
                0x080003e8                DMA2_Stream1_IRQHandler
                0x080003e8                CAN1_SCE_IRQHandler
                0x080003e8                FLASH_IRQHandler
                0x080003e8                DMA2_Stream4_IRQHandler
                0x080003e8                USART1_IRQHandler
                0x080003e8                OTG_FS_IRQHandler
                0x080003e8                SPI3_IRQHandler
                0x080003e8                DMA1_Stream4_IRQHandler
                0x080003e8                I2C1_ER_IRQHandler
                0x080003e8                FMC_IRQHandler
                0x080003e8                DMA2_Stream6_IRQHandler
                0x080003e8                DMA1_Stream3_IRQHandler

.inits          0x080003ec       0x28
                0x080003ec                __data_regions_array_start = .
                0x080003ec        0x4 LONG 0x80032a4 LOADADDR (.data)
                0x080003f0        0x4 LONG 0x20000000 ADDR (.data)
                0x080003f4        0x4 LONG 0x20000074 (ADDR (.data) + SIZEOF (.data))
                0x080003f8        0x4 LONG 0x80032a4 LOADADDR (.data_CCMRAM)
                0x080003fc        0x4 LONG 0x10000000 ADDR (.data_CCMRAM)
                0x08000400        0x4 LONG 0x10000000 (ADDR (.data_CCMRAM) + SIZEOF (.data_CCMRAM))
                0x08000404                __data_regions_array_end = .
                0x08000404                __bss_regions_array_start = .
                0x08000404        0x4 LONG 0x20000074 ADDR (.bss)
                0x08000408        0x4 LONG 0x20000238 (ADDR (.bss) + SIZEOF (.bss))
                0x0800040c        0x4 LONG 0x10000000 ADDR (.bss_CCMRAM)
                0x08000410        0x4 LONG 0x10000000 (ADDR (.bss_CCMRAM) + SIZEOF (.bss_CCMRAM))
                0x08000414                __bss_regions_array_end = .
 *(.init)
 *(.fini)
                0x08000414                . = ALIGN (0x4)
                0x08000414                PROVIDE (__preinit_array_start, .)
 *(.preinit_array_sysinit .preinit_array_sysinit.*)
 *(.preinit_array_platform .preinit_array_platform.*)
 *(.preinit_array .preinit_array.*)
                0x08000414                PROVIDE (__preinit_array_end, .)
                0x08000414                . = ALIGN (0x4)
                0x08000414                PROVIDE (__init_array_start, .)
 *(SORT(.init_array.*))
 *(.init_array)
                0x08000414                PROVIDE (__init_array_end, .)
                0x08000414                . = ALIGN (0x4)
                0x08000414                PROVIDE (__fini_array_start, .)
 *(SORT(.fini_array.*))
 *(.fini_array)
                0x08000414                PROVIDE (__fini_array_end, .)

.flashtext
 *(.flashtext .flashtext.*)

.text           0x08000420     0x2e83
 *(.text .text.*)
 .text.HAL_InitTick
                0x08000420       0x28 ./system/src/stm32f4-hal/stm32f4xx_hal.o
                0x08000420                HAL_InitTick
 .text.HAL_Init
                0x08000448       0x34 ./system/src/stm32f4-hal/stm32f4xx_hal.o
                0x08000448                HAL_Init
 .text.HAL_IncTick
                0x0800047c       0x10 ./system/src/stm32f4-hal/stm32f4xx_hal.o
                0x0800047c                HAL_IncTick
 .text.HAL_GetTick
                0x0800048c        0xc ./system/src/stm32f4-hal/stm32f4xx_hal.o
                0x0800048c                HAL_GetTick
 .text.HAL_NVIC_SetPriorityGrouping
                0x08000498       0x3c ./system/src/stm32f4-hal/stm32f4xx_hal_cortex.o
                0x08000498                HAL_NVIC_SetPriorityGrouping
 .text.HAL_NVIC_SetPriority
                0x080004d4       0x84 ./system/src/stm32f4-hal/stm32f4xx_hal_cortex.o
                0x080004d4                HAL_NVIC_SetPriority
 .text.HAL_SYSTICK_Config
                0x08000558       0x2c ./system/src/stm32f4-hal/stm32f4xx_hal_cortex.o
                0x08000558                HAL_SYSTICK_Config
 .text.HAL_SYSTICK_CLKSourceConfig
                0x08000584       0x38 ./system/src/stm32f4-hal/stm32f4xx_hal_cortex.o
                0x08000584                HAL_SYSTICK_CLKSourceConfig
 .text.HAL_GPIO_Init
                0x080005bc      0x330 ./system/src/stm32f4-hal/stm32f4xx_hal_gpio.o
                0x080005bc                HAL_GPIO_Init
 .text.HAL_GPIO_WritePin
                0x080008ec       0x34 ./system/src/stm32f4-hal/stm32f4xx_hal_gpio.o
                0x080008ec                HAL_GPIO_WritePin
 .text.HAL_RCC_OscConfig
                0x08000920      0x448 ./system/src/stm32f4-hal/stm32f4xx_hal_rcc.o
                0x08000920                HAL_RCC_OscConfig
 .text.HAL_RCC_ClockConfig
                0x08000d68      0x22c ./system/src/stm32f4-hal/stm32f4xx_hal_rcc.o
                0x08000d68                HAL_RCC_ClockConfig
 .text.HAL_RCC_GetSysClockFreq
                0x08000f94       0xa0 ./system/src/stm32f4-hal/stm32f4xx_hal_rcc.o
                0x08000f94                HAL_RCC_GetSysClockFreq
 .text.HAL_RCC_GetHCLKFreq
                0x08001034       0x34 ./system/src/stm32f4-hal/stm32f4xx_hal_rcc.o
                0x08001034                HAL_RCC_GetHCLKFreq
 .text.abort    0x08001068       0x14 ./system/src/newlib/_exit.o
                0x08001068                abort
 .text._sbrk    0x0800107c       0x44 ./system/src/newlib/_sbrk.o
                0x0800107c                _sbrk
 .text.get_errno
                0x080010c0       0x14 ./system/src/newlib/_syscalls.o
 .text.error    0x080010d4       0x14 ./system/src/newlib/_syscalls.o
 .text.checkerror
                0x080010e8       0x10 ./system/src/newlib/_syscalls.o
 .text.findslot
                0x080010f8       0x3c ./system/src/newlib/_syscalls.o
 .text._exit    0x08001134       0x20 ./system/src/newlib/_syscalls.o
                0x08001134                _exit
 .text.initialise_monitor_handles
                0x08001154       0xa8 ./system/src/newlib/_syscalls.o
                0x08001154                initialise_monitor_handles
 .text.__initialize_args
                0x080011fc       0xd8 ./system/src/newlib/_syscalls.o
                0x080011fc                __initialize_args
 .text._swiread
                0x080012d4       0x20 ./system/src/newlib/_syscalls.o
                0x080012d4                _swiread
 .text._read    0x080012f4       0x38 ./system/src/newlib/_syscalls.o
                0x080012f4                _read
 .text._swilseek
                0x0800132c       0xbc ./system/src/newlib/_syscalls.o
                0x0800132c                _swilseek
 .text._lseek   0x080013e8        0x8 ./system/src/newlib/_syscalls.o
                0x080013e8                _lseek
 .text._swiwrite
                0x080013f0       0x20 ./system/src/newlib/_syscalls.o
                0x080013f0                _swiwrite
 .text._write   0x08001410       0x44 ./system/src/newlib/_syscalls.o
                0x08001410                _write
 .text._swiclose
                0x08001454       0x20 ./system/src/newlib/_syscalls.o
                0x08001454                _swiclose
 .text._close   0x08001474       0x4c ./system/src/newlib/_syscalls.o
                0x08001474                _close
 .text._swistat
                0x080014c0       0x4c ./system/src/newlib/_syscalls.o
                0x080014c0                _swistat
 .text._fstat   0x0800150c       0x1c ./system/src/newlib/_syscalls.o
                0x0800150c                _fstat
 .text._isatty  0x08001528       0x38 ./system/src/newlib/_syscalls.o
                0x08001528                _isatty
 .text.assert_failed
                0x08001560       0x14 ./system/src/newlib/assert.o
                0x08001560                assert_failed
 .text.trace_printf
                0x08001574       0x30 ./system/src/diag/Trace.o
                0x08001574                trace_printf
 .text.trace_puts
                0x080015a4       0x20 ./system/src/diag/Trace.o
                0x080015a4                trace_puts
 .text.trace_dump_args
                0x080015c4       0x44 ./system/src/diag/Trace.o
                0x080015c4                trace_dump_args
 .text._trace_write_semihosting_debug
                0x08001608       0x64 ./system/src/diag/trace_impl.o
 .text.trace_write
                0x0800166c        0x8 ./system/src/diag/trace_impl.o
                0x0800166c                trace_write
 .text.__initialize_hardware_early
                0x08001674       0x18 ./system/src/cortexm/_initialize_hardware.o
                0x08001674                __initialize_hardware_early
 .text.dumpExceptionStack
                0x0800168c       0xf0 ./system/src/cortexm/exception_handlers.o
                0x0800168c                dumpExceptionStack
 .text.isSemihosting
                0x0800177c      0x100 ./system/src/cortexm/exception_handlers.o
                0x0800177c                isSemihosting
 .text.SystemInit
                0x0800187c       0x40 ./system/src/cmsis/system_stm32f4xx.o
                0x0800187c                SystemInit
 .text.SystemCoreClockUpdate
                0x080018bc       0xa0 ./system/src/cmsis/system_stm32f4xx.o
                0x080018bc                SystemCoreClockUpdate
 .text.blink_led_init
                0x0800195c       0x40 ./src/BlinkLed.o
                0x0800195c                blink_led_init
 .text.timer_start
                0x0800199c       0x3c ./src/Timer.o
                0x0800199c                timer_start
 .text.timer_sleep
                0x080019d8       0x14 ./src/Timer.o
                0x080019d8                timer_sleep
 .text.timer_tick
                0x080019ec       0x14 ./src/Timer.o
                0x080019ec                timer_tick
 .text.SysTick_Handler
                0x08001a00        0xc ./src/Timer.o
                0x08001a00                SysTick_Handler
 .text.SystemClock_Config
                0x08001a0c       0x9c ./src/_initialize_hardware.o
                0x08001a0c                SystemClock_Config
 .text.__initialize_hardware
                0x08001aa8       0x10 ./src/_initialize_hardware.o
                0x08001aa8                __initialize_hardware
 .text.main     0x08001ab8       0x9c ./src/main.o
                0x08001ab8                main
 .text.HAL_MspInit
                0x08001b54        0x4 ./src/stm32f4xx_hal_msp.o
                0x08001b54                HAL_MspInit
 .text.atoi     0x08001b58        0x8 c:/program files (x86)/gnu tools arm embedded/5.4 2016q2/bin/../lib/gcc/arm-none-eabi/5.4.1/../../../../arm-none-eabi/lib/armv7e-m\libg_nano.a(lib_a-atoi.o)
                0x08001b58                atoi
 .text.__errno  0x08001b60        0xc c:/program files (x86)/gnu tools arm embedded/5.4 2016q2/bin/../lib/gcc/arm-none-eabi/5.4.1/../../../../arm-none-eabi/lib/armv7e-m\libg_nano.a(lib_a-errno.o)
                0x08001b60                __errno
 .text._cleanup_r
                0x08001b6c        0xc c:/program files (x86)/gnu tools arm embedded/5.4 2016q2/bin/../lib/gcc/arm-none-eabi/5.4.1/../../../../arm-none-eabi/lib/armv7e-m\libg_nano.a(lib_a-findfp.o)
                0x08001b6c                _cleanup_r
 .text.std.isra.0
                0x08001b78       0x48 c:/program files (x86)/gnu tools arm embedded/5.4 2016q2/bin/../lib/gcc/arm-none-eabi/5.4.1/../../../../arm-none-eabi/lib/armv7e-m\libg_nano.a(lib_a-findfp.o)
 .text.__sfmoreglue
                0x08001bc0       0x2c c:/program files (x86)/gnu tools arm embedded/5.4 2016q2/bin/../lib/gcc/arm-none-eabi/5.4.1/../../../../arm-none-eabi/lib/armv7e-m\libg_nano.a(lib_a-findfp.o)
                0x08001bc0                __sfmoreglue
 .text.__sinit  0x08001bec       0x60 c:/program files (x86)/gnu tools arm embedded/5.4 2016q2/bin/../lib/gcc/arm-none-eabi/5.4.1/../../../../arm-none-eabi/lib/armv7e-m\libg_nano.a(lib_a-findfp.o)
                0x08001bec                __sinit
 .text.__sfp    0x08001c4c       0x78 c:/program files (x86)/gnu tools arm embedded/5.4 2016q2/bin/../lib/gcc/arm-none-eabi/5.4.1/../../../../arm-none-eabi/lib/armv7e-m\libg_nano.a(lib_a-findfp.o)
                0x08001c4c                __sfp
 .text._fwalk_reent
                0x08001cc4       0x3c c:/program files (x86)/gnu tools arm embedded/5.4 2016q2/bin/../lib/gcc/arm-none-eabi/5.4.1/../../../../arm-none-eabi/lib/armv7e-m\libg_nano.a(lib_a-fwalk.o)
                0x08001cc4                _fwalk_reent
 .text._fwrite_r
                0x08001d00       0x9c c:/program files (x86)/gnu tools arm embedded/5.4 2016q2/bin/../lib/gcc/arm-none-eabi/5.4.1/../../../../arm-none-eabi/lib/armv7e-m\libg_nano.a(lib_a-fwrite.o)
                0x08001d00                _fwrite_r
 .text.fwrite   0x08001d9c       0x1c c:/program files (x86)/gnu tools arm embedded/5.4 2016q2/bin/../lib/gcc/arm-none-eabi/5.4.1/../../../../arm-none-eabi/lib/armv7e-m\libg_nano.a(lib_a-fwrite.o)
                0x08001d9c                fwrite
 .text.memset   0x08001db8       0x10 c:/program files (x86)/gnu tools arm embedded/5.4 2016q2/bin/../lib/gcc/arm-none-eabi/5.4.1/../../../../arm-none-eabi/lib/armv7e-m\libg_nano.a(lib_a-memset.o)
                0x08001db8                memset
 .text._malloc_r
                0x08001dc8       0xbc c:/program files (x86)/gnu tools arm embedded/5.4 2016q2/bin/../lib/gcc/arm-none-eabi/5.4.1/../../../../arm-none-eabi/lib/armv7e-m\libg_nano.a(lib_a-nano-mallocr.o)
                0x08001dc8                _malloc_r
 .text._puts_r  0x08001e84       0xb4 c:/program files (x86)/gnu tools arm embedded/5.4 2016q2/bin/../lib/gcc/arm-none-eabi/5.4.1/../../../../arm-none-eabi/lib/armv7e-m\libg_nano.a(lib_a-puts.o)
                0x08001e84                _puts_r
 .text.puts     0x08001f38       0x10 c:/program files (x86)/gnu tools arm embedded/5.4 2016q2/bin/../lib/gcc/arm-none-eabi/5.4.1/../../../../arm-none-eabi/lib/armv7e-m\libg_nano.a(lib_a-puts.o)
                0x08001f38                puts
 .text._sbrk_r  0x08001f48       0x20 c:/program files (x86)/gnu tools arm embedded/5.4 2016q2/bin/../lib/gcc/arm-none-eabi/5.4.1/../../../../arm-none-eabi/lib/armv7e-m\libg_nano.a(lib_a-sbrkr.o)
                0x08001f48                _sbrk_r
 .text.__sread  0x08001f68       0x22 c:/program files (x86)/gnu tools arm embedded/5.4 2016q2/bin/../lib/gcc/arm-none-eabi/5.4.1/../../../../arm-none-eabi/lib/armv7e-m\libg_nano.a(lib_a-stdio.o)
                0x08001f68                __sread
 .text.__swrite
                0x08001f8a       0x38 c:/program files (x86)/gnu tools arm embedded/5.4 2016q2/bin/../lib/gcc/arm-none-eabi/5.4.1/../../../../arm-none-eabi/lib/armv7e-m\libg_nano.a(lib_a-stdio.o)
                0x08001f8a                __swrite
 .text.__sseek  0x08001fc2       0x24 c:/program files (x86)/gnu tools arm embedded/5.4 2016q2/bin/../lib/gcc/arm-none-eabi/5.4.1/../../../../arm-none-eabi/lib/armv7e-m\libg_nano.a(lib_a-stdio.o)
                0x08001fc2                __sseek
 .text.__sclose
                0x08001fe6        0x8 c:/program files (x86)/gnu tools arm embedded/5.4 2016q2/bin/../lib/gcc/arm-none-eabi/5.4.1/../../../../arm-none-eabi/lib/armv7e-m\libg_nano.a(lib_a-stdio.o)
                0x08001fe6                __sclose
 .text          0x08001fee       0x14 c:/program files (x86)/gnu tools arm embedded/5.4 2016q2/bin/../lib/gcc/arm-none-eabi/5.4.1/../../../../arm-none-eabi/lib/armv7e-m\libg_nano.a(lib_a-strcmp.o)
                0x08001fee                strcmp
 .text          0x08002002       0x10 c:/program files (x86)/gnu tools arm embedded/5.4 2016q2/bin/../lib/gcc/arm-none-eabi/5.4.1/../../../../arm-none-eabi/lib/armv7e-m\libg_nano.a(lib_a-strlen.o)
                0x08002002                strlen
 *fill*         0x08002012        0x2 
 .text._strtol_r
                0x08002014      0x10c c:/program files (x86)/gnu tools arm embedded/5.4 2016q2/bin/../lib/gcc/arm-none-eabi/5.4.1/../../../../arm-none-eabi/lib/armv7e-m\libg_nano.a(lib_a-strtol.o)
                0x08002014                _strtol_r
 .text.strtol   0x08002120       0x14 c:/program files (x86)/gnu tools arm embedded/5.4 2016q2/bin/../lib/gcc/arm-none-eabi/5.4.1/../../../../arm-none-eabi/lib/armv7e-m\libg_nano.a(lib_a-strtol.o)
                0x08002120                strtol
 .text._vsnprintf_r
                0x08002134       0x56 c:/program files (x86)/gnu tools arm embedded/5.4 2016q2/bin/../lib/gcc/arm-none-eabi/5.4.1/../../../../arm-none-eabi/lib/armv7e-m\libg_nano.a(lib_a-vsnprintf.o)
                0x08002134                _vsniprintf_r
                0x08002134                _vsnprintf_r
 *fill*         0x0800218a        0x2 
 .text.vsnprintf
                0x0800218c       0x1c c:/program files (x86)/gnu tools arm embedded/5.4 2016q2/bin/../lib/gcc/arm-none-eabi/5.4.1/../../../../arm-none-eabi/lib/armv7e-m\libg_nano.a(lib_a-vsnprintf.o)
                0x0800218c                vsniprintf
                0x0800218c                vsnprintf
 .text.__swbuf_r
                0x080021a8       0xa8 c:/program files (x86)/gnu tools arm embedded/5.4 2016q2/bin/../lib/gcc/arm-none-eabi/5.4.1/../../../../arm-none-eabi/lib/armv7e-m\libg_nano.a(lib_a-wbuf.o)
                0x080021a8                __swbuf_r
 .text._write_r
                0x08002250       0x24 c:/program files (x86)/gnu tools arm embedded/5.4 2016q2/bin/../lib/gcc/arm-none-eabi/5.4.1/../../../../arm-none-eabi/lib/armv7e-m\libg_nano.a(lib_a-writer.o)
                0x08002250                _write_r
 .text.__swsetup_r
                0x08002274       0xdc c:/program files (x86)/gnu tools arm embedded/5.4 2016q2/bin/../lib/gcc/arm-none-eabi/5.4.1/../../../../arm-none-eabi/lib/armv7e-m\libg_nano.a(lib_a-wsetup.o)
                0x08002274                __swsetup_r
 .text._close_r
                0x08002350       0x20 c:/program files (x86)/gnu tools arm embedded/5.4 2016q2/bin/../lib/gcc/arm-none-eabi/5.4.1/../../../../arm-none-eabi/lib/armv7e-m\libg_nano.a(lib_a-closer.o)
                0x08002350                _close_r
 .text.__sflush_r
                0x08002370      0x110 c:/program files (x86)/gnu tools arm embedded/5.4 2016q2/bin/../lib/gcc/arm-none-eabi/5.4.1/../../../../arm-none-eabi/lib/armv7e-m\libg_nano.a(lib_a-fflush.o)
                0x08002370                __sflush_r
 .text._fflush_r
                0x08002480       0x54 c:/program files (x86)/gnu tools arm embedded/5.4 2016q2/bin/../lib/gcc/arm-none-eabi/5.4.1/../../../../arm-none-eabi/lib/armv7e-m\libg_nano.a(lib_a-fflush.o)
                0x08002480                _fflush_r
 .text._lseek_r
                0x080024d4       0x24 c:/program files (x86)/gnu tools arm embedded/5.4 2016q2/bin/../lib/gcc/arm-none-eabi/5.4.1/../../../../arm-none-eabi/lib/armv7e-m\libg_nano.a(lib_a-lseekr.o)
                0x080024d4                _lseek_r
 .text.__swhatbuf_r
                0x080024f8       0x46 c:/program files (x86)/gnu tools arm embedded/5.4 2016q2/bin/../lib/gcc/arm-none-eabi/5.4.1/../../../../arm-none-eabi/lib/armv7e-m\libg_nano.a(lib_a-makebuf.o)
                0x080024f8                __swhatbuf_r
 *fill*         0x0800253e        0x2 
 .text.__smakebuf_r
                0x08002540       0x78 c:/program files (x86)/gnu tools arm embedded/5.4 2016q2/bin/../lib/gcc/arm-none-eabi/5.4.1/../../../../arm-none-eabi/lib/armv7e-m\libg_nano.a(lib_a-makebuf.o)
                0x08002540                __smakebuf_r
 .text.__malloc_lock
                0x080025b8        0x2 c:/program files (x86)/gnu tools arm embedded/5.4 2016q2/bin/../lib/gcc/arm-none-eabi/5.4.1/../../../../arm-none-eabi/lib/armv7e-m\libg_nano.a(lib_a-mlock.o)
                0x080025b8                __malloc_lock
 .text.__malloc_unlock
                0x080025ba        0x2 c:/program files (x86)/gnu tools arm embedded/5.4 2016q2/bin/../lib/gcc/arm-none-eabi/5.4.1/../../../../arm-none-eabi/lib/armv7e-m\libg_nano.a(lib_a-mlock.o)
                0x080025ba                __malloc_unlock
 .text._free_r  0x080025bc       0x9c c:/program files (x86)/gnu tools arm embedded/5.4 2016q2/bin/../lib/gcc/arm-none-eabi/5.4.1/../../../../arm-none-eabi/lib/armv7e-m\libg_nano.a(lib_a-nano-freer.o)
                0x080025bc                _free_r
 .text.__ssputs_r
                0x08002658       0xb2 c:/program files (x86)/gnu tools arm embedded/5.4 2016q2/bin/../lib/gcc/arm-none-eabi/5.4.1/../../../../arm-none-eabi/lib/armv7e-m\libg_nano.a(lib_a-nano-svfprintf.o)
                0x08002658                __ssputs_r
 *fill*         0x0800270a        0x2 
 .text._svfprintf_r
                0x0800270c      0x1e8 c:/program files (x86)/gnu tools arm embedded/5.4 2016q2/bin/../lib/gcc/arm-none-eabi/5.4.1/../../../../arm-none-eabi/lib/armv7e-m\libg_nano.a(lib_a-nano-svfprintf.o)
                0x0800270c                _svfiprintf_r
                0x0800270c                _svfprintf_r
 .text._printf_common
                0x080028f4       0xec c:/program files (x86)/gnu tools arm embedded/5.4 2016q2/bin/../lib/gcc/arm-none-eabi/5.4.1/../../../../arm-none-eabi/lib/armv7e-m\libg_nano.a(lib_a-nano-vfprintf_i.o)
                0x080028f4                _printf_common
 .text._printf_i
                0x080029e0      0x24c c:/program files (x86)/gnu tools arm embedded/5.4 2016q2/bin/../lib/gcc/arm-none-eabi/5.4.1/../../../../arm-none-eabi/lib/armv7e-m\libg_nano.a(lib_a-nano-vfprintf_i.o)
                0x080029e0                _printf_i
 .text._read_r  0x08002c2c       0x24 c:/program files (x86)/gnu tools arm embedded/5.4 2016q2/bin/../lib/gcc/arm-none-eabi/5.4.1/../../../../arm-none-eabi/lib/armv7e-m\libg_nano.a(lib_a-readr.o)
                0x08002c2c                _read_r
 .text._fstat_r
                0x08002c50       0x24 c:/program files (x86)/gnu tools arm embedded/5.4 2016q2/bin/../lib/gcc/arm-none-eabi/5.4.1/../../../../arm-none-eabi/lib/armv7e-m\libg_nano.a(lib_a-fstatr.o)
                0x08002c50                _fstat_r
 .text._isatty_r
                0x08002c74       0x20 c:/program files (x86)/gnu tools arm embedded/5.4 2016q2/bin/../lib/gcc/arm-none-eabi/5.4.1/../../../../arm-none-eabi/lib/armv7e-m\libg_nano.a(lib_a-isattyr.o)
                0x08002c74                _isatty_r
 *fill*         0x08002c94        0xc 
 .text          0x08002ca0       0xa0 c:/program files (x86)/gnu tools arm embedded/5.4 2016q2/bin/../lib/gcc/arm-none-eabi/5.4.1/../../../../arm-none-eabi/lib/armv7e-m\libg_nano.a(lib_a-memchr.o)
                0x08002ca0                memchr
 .text.memcpy   0x08002d40       0x16 c:/program files (x86)/gnu tools arm embedded/5.4 2016q2/bin/../lib/gcc/arm-none-eabi/5.4.1/../../../../arm-none-eabi/lib/armv7e-m\libg_nano.a(lib_a-memcpy-stub.o)
                0x08002d40                memcpy
 .text.memmove  0x08002d56       0x36 c:/program files (x86)/gnu tools arm embedded/5.4 2016q2/bin/../lib/gcc/arm-none-eabi/5.4.1/../../../../arm-none-eabi/lib/armv7e-m\libg_nano.a(lib_a-memmove.o)
                0x08002d56                memmove
 .text._realloc_r
                0x08002d8c       0x4c c:/program files (x86)/gnu tools arm embedded/5.4 2016q2/bin/../lib/gcc/arm-none-eabi/5.4.1/../../../../arm-none-eabi/lib/armv7e-m\libg_nano.a(lib_a-nano-reallocr.o)
                0x08002d8c                _realloc_r
 .text._malloc_usable_size_r
                0x08002dd8       0x14 c:/program files (x86)/gnu tools arm embedded/5.4 2016q2/bin/../lib/gcc/arm-none-eabi/5.4.1/../../../../arm-none-eabi/lib/armv7e-m\libg_nano.a(lib_a-nano-msizer.o)
                0x08002dd8                _malloc_usable_size_r
 *(.rodata .rodata.* .constdata .constdata.*)
 .rodata.str1.4
                0x08002dec       0x31 ./system/src/stm32f4-hal/stm32f4xx_hal_cortex.o
 *fill*         0x08002e1d        0x3 
 .rodata.str1.4
                0x08002e20       0x2f ./system/src/stm32f4-hal/stm32f4xx_hal_gpio.o
 *fill*         0x08002e4f        0x1 
 .rodata.APBAHBPrescTable
                0x08002e50       0x10 ./system/src/stm32f4-hal/stm32f4xx_hal_rcc.o
                0x08002e50                APBAHBPrescTable
 .rodata.str1.4
                0x08002e60       0x2e ./system/src/stm32f4-hal/stm32f4xx_hal_rcc.o
 *fill*         0x08002e8e        0x2 
 .rodata.str1.4
                0x08002e90       0x14 ./system/src/newlib/_exit.o
 .rodata.str1.4
                0x08002ea4        0x9 ./system/src/newlib/_syscalls.o
 *fill*         0x08002ead        0x3 
 .rodata.str1.4
                0x08002eb0       0x6b ./system/src/newlib/assert.o
                                 0x6f (size before relaxing)
 *fill*         0x08002f1b        0x1 
 .rodata.str1.4
                0x08002f1c       0x29 ./system/src/diag/Trace.o
                                 0x2d (size before relaxing)
 *fill*         0x08002f45        0x3 
 .rodata.str1.4
                0x08002f48      0x146 ./system/src/cortexm/exception_handlers.o
                                0x14a (size before relaxing)
 *fill*         0x0800308e        0x2 
 .rodata.AHBPrescTable
                0x08003090       0x10 ./system/src/cmsis/system_stm32f4xx.o
                0x08003090                AHBPrescTable
 .rodata.str1.4
                0x080030a0       0x64 ./src/main.o
                                 0x61 (size before relaxing)
 .rodata._ctype_
                0x08003104      0x101 c:/program files (x86)/gnu tools arm embedded/5.4 2016q2/bin/../lib/gcc/arm-none-eabi/5.4.1/../../../../arm-none-eabi/lib/armv7e-m\libg_nano.a(lib_a-ctype_.o)
                0x08003104                _ctype_
 *fill*         0x08003205        0x3 
 .rodata.__sf_fake_stdin
                0x08003208       0x20 c:/program files (x86)/gnu tools arm embedded/5.4 2016q2/bin/../lib/gcc/arm-none-eabi/5.4.1/../../../../arm-none-eabi/lib/armv7e-m\libg_nano.a(lib_a-findfp.o)
                0x08003208                __sf_fake_stdin
 .rodata.__sf_fake_stdout
                0x08003228       0x20 c:/program files (x86)/gnu tools arm embedded/5.4 2016q2/bin/../lib/gcc/arm-none-eabi/5.4.1/../../../../arm-none-eabi/lib/armv7e-m\libg_nano.a(lib_a-findfp.o)
                0x08003228                __sf_fake_stdout
 .rodata.__sf_fake_stderr
                0x08003248       0x20 c:/program files (x86)/gnu tools arm embedded/5.4 2016q2/bin/../lib/gcc/arm-none-eabi/5.4.1/../../../../arm-none-eabi/lib/armv7e-m\libg_nano.a(lib_a-findfp.o)
                0x08003248                __sf_fake_stderr
 .rodata.str1.1
                0x08003268        0x2 c:/program files (x86)/gnu tools arm embedded/5.4 2016q2/bin/../lib/gcc/arm-none-eabi/5.4.1/../../../../arm-none-eabi/lib/armv7e-m\libg_nano.a(lib_a-impure.o)
 *fill*         0x0800326a        0x2 
 .rodata._global_impure_ptr
                0x0800326c        0x4 c:/program files (x86)/gnu tools arm embedded/5.4 2016q2/bin/../lib/gcc/arm-none-eabi/5.4.1/../../../../arm-none-eabi/lib/armv7e-m\libg_nano.a(lib_a-impure.o)
                0x0800326c                _global_impure_ptr
 .rodata.str1.1
                0x08003270       0x11 c:/program files (x86)/gnu tools arm embedded/5.4 2016q2/bin/../lib/gcc/arm-none-eabi/5.4.1/../../../../arm-none-eabi/lib/armv7e-m\libg_nano.a(lib_a-nano-svfprintf.o)
 .rodata.str1.1
                0x08003281       0x22 c:/program files (x86)/gnu tools arm embedded/5.4 2016q2/bin/../lib/gcc/arm-none-eabi/5.4.1/../../../../arm-none-eabi/lib/armv7e-m\libg_nano.a(lib_a-nano-vfprintf_i.o)
 *(vtable)
 *(.eh_frame*)
 *(.glue_7)
 .glue_7        0x080032a3        0x0 linker stubs
 *(.glue_7t)
 .glue_7t       0x080032a3        0x0 linker stubs

.vfp11_veneer   0x080032a4        0x0
 .vfp11_veneer  0x080032a4        0x0 linker stubs

.v4_bx          0x080032a4        0x0
 .v4_bx         0x080032a4        0x0 linker stubs

.iplt           0x080032a4        0x0
 .iplt          0x080032a4        0x0 ./system/src/stm32f4-hal/stm32f4xx_hal.o

.rel.dyn        0x080032a4        0x0
 .rel.iplt      0x080032a4        0x0 ./system/src/stm32f4-hal/stm32f4xx_hal.o

.ARM.extab
 *(.ARM.extab* .gnu.linkonce.armextab.*)
                0x080032a4                . = ALIGN (0x4)
                0x080032a4                __exidx_start = .

.ARM.exidx
 *(.ARM.exidx* .gnu.linkonce.armexidx.*)
                0x080032a4                __exidx_end = .
                0x080032a4                . = ALIGN (0x4)
                0x080032a4                _etext = .
                0x080032a4                __etext = .

.data_CCMRAM    0x10000000        0x0 load address 0x080032a4
 FILL mask 0xff
 *(.data.CCMRAM .data.CCMRAM.*)
                0x10000000                . = ALIGN (0x4)
                0x080032a4                _sidata = LOADADDR (.data)

.data           0x20000000       0x74 load address 0x080032a4
 FILL mask 0xff
                0x20000000                _sdata = .
                0x20000000                __data_start__ = .
 *(.data_begin .data_begin.*)
 .data_begin    0x20000000        0x4 ./system/src/newlib/_startup.o
 *(.data .data.*)
 .data.SystemCoreClock
                0x20000004        0x4 ./system/src/cmsis/system_stm32f4xx.o
                0x20000004                SystemCoreClock
 .data.__ctype_ptr__
                0x20000008        0x4 c:/program files (x86)/gnu tools arm embedded/5.4 2016q2/bin/../lib/gcc/arm-none-eabi/5.4.1/../../../../arm-none-eabi/lib/armv7e-m\libg_nano.a(lib_a-ctype_.o)
                0x20000008                __ctype_ptr__
 .data.impure_data
                0x2000000c       0x60 c:/program files (x86)/gnu tools arm embedded/5.4 2016q2/bin/../lib/gcc/arm-none-eabi/5.4.1/../../../../arm-none-eabi/lib/armv7e-m\libg_nano.a(lib_a-impure.o)
 .data._impure_ptr
                0x2000006c        0x4 c:/program files (x86)/gnu tools arm embedded/5.4 2016q2/bin/../lib/gcc/arm-none-eabi/5.4.1/../../../../arm-none-eabi/lib/armv7e-m\libg_nano.a(lib_a-impure.o)
                0x2000006c                _impure_ptr
 *(.data_end .data_end.*)
 .data_end      0x20000070        0x4 ./system/src/newlib/_startup.o
                0x20000074                . = ALIGN (0x4)
                0x20000074                _edata = .
                0x20000074                __data_end__ = .

.igot.plt       0x20000074        0x0 load address 0x08003318
 .igot.plt      0x20000074        0x0 ./system/src/stm32f4-hal/stm32f4xx_hal.o

.bss_CCMRAM     0x10000000        0x0
 *(.bss.CCMRAM .bss.CCMRAM.*)

.bss            0x20000074      0x1c4
                0x20000074                __bss_start__ = .
                0x20000074                _sbss = .
 *(.bss_begin .bss_begin.*)
 .bss_begin     0x20000074        0x4 ./system/src/newlib/_startup.o
 *(.bss .bss.*)
 .bss.current_heap_end.4453
                0x20000078        0x4 ./system/src/newlib/_sbrk.o
 .bss.monitor_stdout
                0x2000007c        0x4 ./system/src/newlib/_syscalls.o
 .bss.monitor_stdin
                0x20000080        0x4 ./system/src/newlib/_syscalls.o
 .bss.argv_buf.6236
                0x20000084       0x28 ./system/src/newlib/_syscalls.o
 .bss.monitor_stderr
                0x200000ac        0x4 ./system/src/newlib/_syscalls.o
 .bss.args_buf.6235
                0x200000b0       0x50 ./system/src/newlib/_syscalls.o
 .bss.openfiles
                0x20000100       0xa0 ./system/src/newlib/_syscalls.o
 .bss.buf.5645  0x200001a0       0x80 ./system/src/diag/Trace.o
 .bss.__malloc_sbrk_start
                0x20000220        0x4 c:/program files (x86)/gnu tools arm embedded/5.4 2016q2/bin/../lib/gcc/arm-none-eabi/5.4.1/../../../../arm-none-eabi/lib/armv7e-m\libg_nano.a(lib_a-nano-mallocr.o)
                0x20000220                __malloc_sbrk_start
 .bss.__malloc_free_list
                0x20000224        0x4 c:/program files (x86)/gnu tools arm embedded/5.4 2016q2/bin/../lib/gcc/arm-none-eabi/5.4.1/../../../../arm-none-eabi/lib/armv7e-m\libg_nano.a(lib_a-nano-mallocr.o)
                0x20000224                __malloc_free_list
 *(COMMON)
 COMMON         0x20000228        0x4 ./system/src/stm32f4-hal/stm32f4xx_hal.o
                0x20000228                uwTick
 COMMON         0x2000022c        0x4 ./system/src/newlib/_syscalls.o
                0x2000022c                errno
 COMMON         0x20000230        0x4 ./src/Timer.o
                0x20000230                timer_delayCount
 *(.bss_end .bss_end.*)
 .bss_end       0x20000234        0x4 ./system/src/newlib/_startup.o
                0x20000238                . = ALIGN (0x4)
                0x20000238                __bss_end__ = .
                0x20000238                _ebss = .

.noinit_CCMRAM
 *(.noinit.CCMRAM .noinit.CCMRAM.*)

.noinit         0x20000238        0x0
                0x20000238                _noinit = .
 *(.noinit .noinit.*)
                0x20000238                . = ALIGN (0x4)
                0x20000238                _end_noinit = .
                [!provide]                PROVIDE (end, _end_noinit)
                [!provide]                PROVIDE (_end, _end_noinit)
                [!provide]                PROVIDE (__end, _end_noinit)
                [!provide]                PROVIDE (__end__, _end_noinit)

._check_stack   0x20000238      0x100
                0x20000338                . = (. + _Minimum_Stack_Size)
 *fill*         0x20000238      0x100 

.b1text
 *(.b1text)
 *(.b1rodata)
 *(.b1rodata.*)

.eb0text
 *(.eb0text)
 *(.eb0rodata)
 *(.eb0rodata.*)

.eb1text
 *(.eb1text)
 *(.eb1rodata)
 *(.eb1rodata.*)

.eb2text
 *(.eb2text)
 *(.eb2rodata)
 *(.eb2rodata.*)

.eb3text
 *(.eb3text)
 *(.eb3rodata)
 *(.eb3rodata.*)

.stab
 *(.stab)

.stabstr
 *(.stabstr)

.stab.excl
 *(.stab.excl)

.stab.exclstr
 *(.stab.exclstr)

.stab.index
 *(.stab.index)

.stab.indexstr
 *(.stab.indexstr)

.comment        0x00000000       0x6e
 *(.comment)
 .comment       0x00000000       0x6e ./system/src/stm32f4-hal/stm32f4xx_hal.o
                                 0x6f (size before relaxing)
 .comment       0x0000006e       0x6f ./system/src/stm32f4-hal/stm32f4xx_hal_cortex.o
 .comment       0x0000006e       0x6f ./system/src/stm32f4-hal/stm32f4xx_hal_gpio.o
 .comment       0x0000006e       0x6f ./system/src/stm32f4-hal/stm32f4xx_hal_rcc.o
 .comment       0x0000006e       0x6f ./system/src/newlib/_exit.o
 .comment       0x0000006e       0x6f ./system/src/newlib/_sbrk.o
 .comment       0x0000006e       0x6f ./system/src/newlib/_startup.o
 .comment       0x0000006e       0x6f ./system/src/newlib/_syscalls.o
 .comment       0x0000006e       0x6f ./system/src/newlib/assert.o
 .comment       0x0000006e       0x6f ./system/src/diag/Trace.o
 .comment       0x0000006e       0x6f ./system/src/diag/trace_impl.o
 .comment       0x0000006e       0x6f ./system/src/cortexm/_initialize_hardware.o
 .comment       0x0000006e       0x6f ./system/src/cortexm/exception_handlers.o
 .comment       0x0000006e       0x6f ./system/src/cmsis/system_stm32f4xx.o
 .comment       0x0000006e       0x6f ./system/src/cmsis/vectors_stm32f407xx.o
 .comment       0x0000006e       0x6f ./src/BlinkLed.o
 .comment       0x0000006e       0x6f ./src/Timer.o
 .comment       0x0000006e       0x6f ./src/_initialize_hardware.o
 .comment       0x0000006e       0x6f ./src/main.o
 .comment       0x0000006e       0x6f ./src/stm32f4xx_hal_msp.o

.ARM.attributes
                0x00000000       0x31
 .ARM.attributes
                0x00000000       0x33 ./system/src/stm32f4-hal/stm32f4xx_hal.o
 .ARM.attributes
                0x00000033       0x33 ./system/src/stm32f4-hal/stm32f4xx_hal_cortex.o
 .ARM.attributes
                0x00000066       0x33 ./system/src/stm32f4-hal/stm32f4xx_hal_gpio.o
 .ARM.attributes
                0x00000099       0x33 ./system/src/stm32f4-hal/stm32f4xx_hal_rcc.o
 .ARM.attributes
                0x000000cc       0x33 ./system/src/newlib/_exit.o
 .ARM.attributes
                0x000000ff       0x33 ./system/src/newlib/_sbrk.o
 .ARM.attributes
                0x00000132       0x33 ./system/src/newlib/_startup.o
 .ARM.attributes
                0x00000165       0x33 ./system/src/newlib/_syscalls.o
 .ARM.attributes
                0x00000198       0x33 ./system/src/newlib/assert.o
 .ARM.attributes
                0x000001cb       0x33 ./system/src/diag/Trace.o
 .ARM.attributes
                0x000001fe       0x33 ./system/src/diag/trace_impl.o
 .ARM.attributes
                0x00000231       0x33 ./system/src/cortexm/_initialize_hardware.o
 .ARM.attributes
                0x00000264       0x33 ./system/src/cortexm/exception_handlers.o
 .ARM.attributes
                0x00000297       0x33 ./system/src/cmsis/system_stm32f4xx.o
 .ARM.attributes
                0x000002ca       0x33 ./system/src/cmsis/vectors_stm32f407xx.o
 .ARM.attributes
                0x000002fd       0x33 ./src/BlinkLed.o
 .ARM.attributes
                0x00000330       0x33 ./src/Timer.o
 .ARM.attributes
                0x00000363       0x33 ./src/_initialize_hardware.o
 .ARM.attributes
                0x00000396       0x33 ./src/main.o
 .ARM.attributes
                0x000003c9       0x33 ./src/stm32f4xx_hal_msp.o
 .ARM.attributes
                0x000003fc       0x2e c:/program files (x86)/gnu tools arm embedded/5.4 2016q2/bin/../lib/gcc/arm-none-eabi/5.4.1/../../../../arm-none-eabi/lib/armv7e-m\libg_nano.a(lib_a-atoi.o)
 .ARM.attributes
                0x0000042a       0x2e c:/program files (x86)/gnu tools arm embedded/5.4 2016q2/bin/../lib/gcc/arm-none-eabi/5.4.1/../../../../arm-none-eabi/lib/armv7e-m\libg_nano.a(lib_a-ctype_.o)
 .ARM.attributes
                0x00000458       0x2e c:/program files (x86)/gnu tools arm embedded/5.4 2016q2/bin/../lib/gcc/arm-none-eabi/5.4.1/../../../../arm-none-eabi/lib/armv7e-m\libg_nano.a(lib_a-errno.o)
 .ARM.attributes
                0x00000486       0x2e c:/program files (x86)/gnu tools arm embedded/5.4 2016q2/bin/../lib/gcc/arm-none-eabi/5.4.1/../../../../arm-none-eabi/lib/armv7e-m\libg_nano.a(lib_a-findfp.o)
 .ARM.attributes
                0x000004b4       0x2e c:/program files (x86)/gnu tools arm embedded/5.4 2016q2/bin/../lib/gcc/arm-none-eabi/5.4.1/../../../../arm-none-eabi/lib/armv7e-m\libg_nano.a(lib_a-fwalk.o)
 .ARM.attributes
                0x000004e2       0x2e c:/program files (x86)/gnu tools arm embedded/5.4 2016q2/bin/../lib/gcc/arm-none-eabi/5.4.1/../../../../arm-none-eabi/lib/armv7e-m\libg_nano.a(lib_a-fwrite.o)
 .ARM.attributes
                0x00000510       0x2e c:/program files (x86)/gnu tools arm embedded/5.4 2016q2/bin/../lib/gcc/arm-none-eabi/5.4.1/../../../../arm-none-eabi/lib/armv7e-m\libg_nano.a(lib_a-impure.o)
 .ARM.attributes
                0x0000053e       0x2e c:/program files (x86)/gnu tools arm embedded/5.4 2016q2/bin/../lib/gcc/arm-none-eabi/5.4.1/../../../../arm-none-eabi/lib/armv7e-m\libg_nano.a(lib_a-memset.o)
 .ARM.attributes
                0x0000056c       0x2e c:/program files (x86)/gnu tools arm embedded/5.4 2016q2/bin/../lib/gcc/arm-none-eabi/5.4.1/../../../../arm-none-eabi/lib/armv7e-m\libg_nano.a(lib_a-nano-mallocr.o)
 .ARM.attributes
                0x0000059a       0x2e c:/program files (x86)/gnu tools arm embedded/5.4 2016q2/bin/../lib/gcc/arm-none-eabi/5.4.1/../../../../arm-none-eabi/lib/armv7e-m\libg_nano.a(lib_a-puts.o)
 .ARM.attributes
                0x000005c8       0x2e c:/program files (x86)/gnu tools arm embedded/5.4 2016q2/bin/../lib/gcc/arm-none-eabi/5.4.1/../../../../arm-none-eabi/lib/armv7e-m\libg_nano.a(lib_a-sbrkr.o)
 .ARM.attributes
                0x000005f6       0x2e c:/program files (x86)/gnu tools arm embedded/5.4 2016q2/bin/../lib/gcc/arm-none-eabi/5.4.1/../../../../arm-none-eabi/lib/armv7e-m\libg_nano.a(lib_a-stdio.o)
 .ARM.attributes
                0x00000624       0x1c c:/program files (x86)/gnu tools arm embedded/5.4 2016q2/bin/../lib/gcc/arm-none-eabi/5.4.1/../../../../arm-none-eabi/lib/armv7e-m\libg_nano.a(lib_a-strcmp.o)
 .ARM.attributes
                0x00000640       0x17 c:/program files (x86)/gnu tools arm embedded/5.4 2016q2/bin/../lib/gcc/arm-none-eabi/5.4.1/../../../../arm-none-eabi/lib/armv7e-m\libg_nano.a(lib_a-strlen.o)
 .ARM.attributes
                0x00000657       0x2e c:/program files (x86)/gnu tools arm embedded/5.4 2016q2/bin/../lib/gcc/arm-none-eabi/5.4.1/../../../../arm-none-eabi/lib/armv7e-m\libg_nano.a(lib_a-strtol.o)
 .ARM.attributes
                0x00000685       0x2e c:/program files (x86)/gnu tools arm embedded/5.4 2016q2/bin/../lib/gcc/arm-none-eabi/5.4.1/../../../../arm-none-eabi/lib/armv7e-m\libg_nano.a(lib_a-vsnprintf.o)
 .ARM.attributes
                0x000006b3       0x2e c:/program files (x86)/gnu tools arm embedded/5.4 2016q2/bin/../lib/gcc/arm-none-eabi/5.4.1/../../../../arm-none-eabi/lib/armv7e-m\libg_nano.a(lib_a-wbuf.o)
 .ARM.attributes
                0x000006e1       0x2e c:/program files (x86)/gnu tools arm embedded/5.4 2016q2/bin/../lib/gcc/arm-none-eabi/5.4.1/../../../../arm-none-eabi/lib/armv7e-m\libg_nano.a(lib_a-writer.o)
 .ARM.attributes
                0x0000070f       0x2e c:/program files (x86)/gnu tools arm embedded/5.4 2016q2/bin/../lib/gcc/arm-none-eabi/5.4.1/../../../../arm-none-eabi/lib/armv7e-m\libg_nano.a(lib_a-wsetup.o)
 .ARM.attributes
                0x0000073d       0x2e c:/program files (x86)/gnu tools arm embedded/5.4 2016q2/bin/../lib/gcc/arm-none-eabi/5.4.1/../../../../arm-none-eabi/lib/armv7e-m\libg_nano.a(lib_a-closer.o)
 .ARM.attributes
                0x0000076b       0x2e c:/program files (x86)/gnu tools arm embedded/5.4 2016q2/bin/../lib/gcc/arm-none-eabi/5.4.1/../../../../arm-none-eabi/lib/armv7e-m\libg_nano.a(lib_a-fflush.o)
 .ARM.attributes
                0x00000799       0x2e c:/program files (x86)/gnu tools arm embedded/5.4 2016q2/bin/../lib/gcc/arm-none-eabi/5.4.1/../../../../arm-none-eabi/lib/armv7e-m\libg_nano.a(lib_a-lseekr.o)
 .ARM.attributes
                0x000007c7       0x2e c:/program files (x86)/gnu tools arm embedded/5.4 2016q2/bin/../lib/gcc/arm-none-eabi/5.4.1/../../../../arm-none-eabi/lib/armv7e-m\libg_nano.a(lib_a-makebuf.o)
 .ARM.attributes
                0x000007f5       0x2e c:/program files (x86)/gnu tools arm embedded/5.4 2016q2/bin/../lib/gcc/arm-none-eabi/5.4.1/../../../../arm-none-eabi/lib/armv7e-m\libg_nano.a(lib_a-mlock.o)
 .ARM.attributes
                0x00000823       0x2e c:/program files (x86)/gnu tools arm embedded/5.4 2016q2/bin/../lib/gcc/arm-none-eabi/5.4.1/../../../../arm-none-eabi/lib/armv7e-m\libg_nano.a(lib_a-nano-freer.o)
 .ARM.attributes
                0x00000851       0x2e c:/program files (x86)/gnu tools arm embedded/5.4 2016q2/bin/../lib/gcc/arm-none-eabi/5.4.1/../../../../arm-none-eabi/lib/armv7e-m\libg_nano.a(lib_a-nano-svfprintf.o)
 .ARM.attributes
                0x0000087f       0x2e c:/program files (x86)/gnu tools arm embedded/5.4 2016q2/bin/../lib/gcc/arm-none-eabi/5.4.1/../../../../arm-none-eabi/lib/armv7e-m\libg_nano.a(lib_a-nano-vfprintf_i.o)
 .ARM.attributes
                0x000008ad       0x2e c:/program files (x86)/gnu tools arm embedded/5.4 2016q2/bin/../lib/gcc/arm-none-eabi/5.4.1/../../../../arm-none-eabi/lib/armv7e-m\libg_nano.a(lib_a-readr.o)
 .ARM.attributes
                0x000008db       0x2e c:/program files (x86)/gnu tools arm embedded/5.4 2016q2/bin/../lib/gcc/arm-none-eabi/5.4.1/../../../../arm-none-eabi/lib/armv7e-m\libg_nano.a(lib_a-fstatr.o)
 .ARM.attributes
                0x00000909       0x2e c:/program files (x86)/gnu tools arm embedded/5.4 2016q2/bin/../lib/gcc/arm-none-eabi/5.4.1/../../../../arm-none-eabi/lib/armv7e-m\libg_nano.a(lib_a-isattyr.o)
 .ARM.attributes
                0x00000937       0x1c c:/program files (x86)/gnu tools arm embedded/5.4 2016q2/bin/../lib/gcc/arm-none-eabi/5.4.1/../../../../arm-none-eabi/lib/armv7e-m\libg_nano.a(lib_a-memchr.o)
 .ARM.attributes
                0x00000953       0x2e c:/program files (x86)/gnu tools arm embedded/5.4 2016q2/bin/../lib/gcc/arm-none-eabi/5.4.1/../../../../arm-none-eabi/lib/armv7e-m\libg_nano.a(lib_a-memcpy-stub.o)
 .ARM.attributes
                0x00000981       0x2e c:/program files (x86)/gnu tools arm embedded/5.4 2016q2/bin/../lib/gcc/arm-none-eabi/5.4.1/../../../../arm-none-eabi/lib/armv7e-m\libg_nano.a(lib_a-memmove.o)
 .ARM.attributes
                0x000009af       0x2e c:/program files (x86)/gnu tools arm embedded/5.4 2016q2/bin/../lib/gcc/arm-none-eabi/5.4.1/../../../../arm-none-eabi/lib/armv7e-m\libg_nano.a(lib_a-nano-reallocr.o)
 .ARM.attributes
                0x000009dd       0x2e c:/program files (x86)/gnu tools arm embedded/5.4 2016q2/bin/../lib/gcc/arm-none-eabi/5.4.1/../../../../arm-none-eabi/lib/armv7e-m\libg_nano.a(lib_a-nano-msizer.o)

.debug
 *(.debug)

.line
 *(.line)

.debug_srcinfo
 *(.debug_srcinfo)

.debug_sfnames
 *(.debug_sfnames)

.debug_aranges  0x00000000      0x648
 *(.debug_aranges)
 .debug_aranges
                0x00000000       0xc0 ./system/src/stm32f4-hal/stm32f4xx_hal.o
 .debug_aranges
                0x000000c0       0x98 ./system/src/stm32f4-hal/stm32f4xx_hal_cortex.o
 .debug_aranges
                0x00000158       0x58 ./system/src/stm32f4-hal/stm32f4xx_hal_gpio.o
 .debug_aranges
                0x000001b0       0x88 ./system/src/stm32f4-hal/stm32f4xx_hal_rcc.o
 .debug_aranges
                0x00000238       0x28 ./system/src/newlib/_exit.o
 .debug_aranges
                0x00000260       0x20 ./system/src/newlib/_sbrk.o
 .debug_aranges
                0x00000280       0x40 ./system/src/newlib/_startup.o
 .debug_aranges
                0x000002c0      0x120 ./system/src/newlib/_syscalls.o
 .debug_aranges
                0x000003e0       0x28 ./system/src/newlib/assert.o
 .debug_aranges
                0x00000408       0x38 ./system/src/diag/Trace.o
 .debug_aranges
                0x00000440       0x30 ./system/src/diag/trace_impl.o
 .debug_aranges
                0x00000470       0x28 ./system/src/cortexm/_initialize_hardware.o
 .debug_aranges
                0x00000498       0x90 ./system/src/cortexm/exception_handlers.o
 .debug_aranges
                0x00000528       0x28 ./system/src/cmsis/system_stm32f4xx.o
 .debug_aranges
                0x00000550       0x20 ./system/src/cmsis/vectors_stm32f407xx.o
 .debug_aranges
                0x00000570       0x20 ./src/BlinkLed.o
 .debug_aranges
                0x00000590       0x38 ./src/Timer.o
 .debug_aranges
                0x000005c8       0x28 ./src/_initialize_hardware.o
 .debug_aranges
                0x000005f0       0x20 ./src/main.o
 .debug_aranges
                0x00000610       0x38 ./src/stm32f4xx_hal_msp.o

.debug_pubnames
 *(.debug_pubnames)

.debug_info     0x00000000     0x8fb4
 *(.debug_info .gnu.linkonce.wi.*)
 .debug_info    0x00000000      0x8f9 ./system/src/stm32f4-hal/stm32f4xx_hal.o
 .debug_info    0x000008f9     0x1120 ./system/src/stm32f4-hal/stm32f4xx_hal_cortex.o
 .debug_info    0x00001a19      0x896 ./system/src/stm32f4-hal/stm32f4xx_hal_gpio.o
 .debug_info    0x000022af      0xf6e ./system/src/stm32f4-hal/stm32f4xx_hal_rcc.o
 .debug_info    0x0000321d       0xef ./system/src/newlib/_exit.o
 .debug_info    0x0000330c      0x11f ./system/src/newlib/_sbrk.o
 .debug_info    0x0000342b      0x4fa ./system/src/newlib/_startup.o
 .debug_info    0x00003925     0x1f2a ./system/src/newlib/_syscalls.o
 .debug_info    0x0000584f      0x1b9 ./system/src/newlib/assert.o
 .debug_info    0x00005a08      0x2e6 ./system/src/diag/Trace.o
 .debug_info    0x00005cee      0x315 ./system/src/diag/trace_impl.o
 .debug_info    0x00006003      0x2e0 ./system/src/cortexm/_initialize_hardware.o
 .debug_info    0x000062e3      0x9be ./system/src/cortexm/exception_handlers.o
 .debug_info    0x00006ca1      0x4da ./system/src/cmsis/system_stm32f4xx.o
 .debug_info    0x0000717b       0xd1 ./system/src/cmsis/vectors_stm32f407xx.o
 .debug_info    0x0000724c      0x402 ./src/BlinkLed.o
 .debug_info    0x0000764e      0x759 ./src/Timer.o
 .debug_info    0x00007da7      0x50a ./src/_initialize_hardware.o
 .debug_info    0x000082b1      0xc13 ./src/main.o
 .debug_info    0x00008ec4       0xf0 ./src/stm32f4xx_hal_msp.o

.debug_abbrev   0x00000000     0x2179
 *(.debug_abbrev)
 .debug_abbrev  0x00000000      0x224 ./system/src/stm32f4-hal/stm32f4xx_hal.o
 .debug_abbrev  0x00000224      0x324 ./system/src/stm32f4-hal/stm32f4xx_hal_cortex.o
 .debug_abbrev  0x00000548      0x204 ./system/src/stm32f4-hal/stm32f4xx_hal_gpio.o
 .debug_abbrev  0x0000074c      0x2b8 ./system/src/stm32f4-hal/stm32f4xx_hal_rcc.o
 .debug_abbrev  0x00000a04       0x8e ./system/src/newlib/_exit.o
 .debug_abbrev  0x00000a92       0xb9 ./system/src/newlib/_sbrk.o
 .debug_abbrev  0x00000b4b      0x1d4 ./system/src/newlib/_startup.o
 .debug_abbrev  0x00000d1f      0x41e ./system/src/newlib/_syscalls.o
 .debug_abbrev  0x0000113d       0xab ./system/src/newlib/assert.o
 .debug_abbrev  0x000011e8      0x145 ./system/src/diag/Trace.o
 .debug_abbrev  0x0000132d      0x1c8 ./system/src/diag/trace_impl.o
 .debug_abbrev  0x000014f5       0xea ./system/src/cortexm/_initialize_hardware.o
 .debug_abbrev  0x000015df      0x286 ./system/src/cortexm/exception_handlers.o
 .debug_abbrev  0x00001865      0x104 ./system/src/cmsis/system_stm32f4xx.o
 .debug_abbrev  0x00001969       0x9d ./system/src/cmsis/vectors_stm32f407xx.o
 .debug_abbrev  0x00001a06      0x152 ./src/BlinkLed.o
 .debug_abbrev  0x00001b58      0x1cf ./src/Timer.o
 .debug_abbrev  0x00001d27      0x14c ./src/_initialize_hardware.o
 .debug_abbrev  0x00001e73      0x29c ./src/main.o
 .debug_abbrev  0x0000210f       0x6a ./src/stm32f4xx_hal_msp.o

.debug_line     0x00000000     0xaf06
 *(.debug_line)
 .debug_line    0x00000000      0xbaa ./system/src/stm32f4-hal/stm32f4xx_hal.o
 .debug_line    0x00000baa      0xc8d ./system/src/stm32f4-hal/stm32f4xx_hal_cortex.o
 .debug_line    0x00001837      0xd3e ./system/src/stm32f4-hal/stm32f4xx_hal_gpio.o
 .debug_line    0x00002575      0xe5c ./system/src/stm32f4-hal/stm32f4xx_hal_rcc.o
 .debug_line    0x000033d1      0x33c ./system/src/newlib/_exit.o
 .debug_line    0x0000370d      0x2ee ./system/src/newlib/_sbrk.o
 .debug_line    0x000039fb      0x3bf ./system/src/newlib/_startup.o
 .debug_line    0x00003dba      0x883 ./system/src/newlib/_syscalls.o
 .debug_line    0x0000463d      0x380 ./system/src/newlib/assert.o
 .debug_line    0x000049bd      0x39b ./system/src/diag/Trace.o
 .debug_line    0x00004d58      0xae5 ./system/src/diag/trace_impl.o
 .debug_line    0x0000583d      0xa4e ./system/src/cortexm/_initialize_hardware.o
 .debug_line    0x0000628b      0xbb7 ./system/src/cortexm/exception_handlers.o
 .debug_line    0x00006e42      0xa4e ./system/src/cmsis/system_stm32f4xx.o
 .debug_line    0x00007890      0x24b ./system/src/cmsis/vectors_stm32f407xx.o
 .debug_line    0x00007adb      0xa2c ./src/BlinkLed.o
 .debug_line    0x00008507      0xaa2 ./src/Timer.o
 .debug_line    0x00008fa9      0xa47 ./src/_initialize_hardware.o
 .debug_line    0x000099f0      0xace ./src/main.o
 .debug_line    0x0000a4be      0xa48 ./src/stm32f4xx_hal_msp.o

.debug_frame    0x00000000     0x169c
 *(.debug_frame)
 .debug_frame   0x00000000      0x188 ./system/src/stm32f4-hal/stm32f4xx_hal.o
 .debug_frame   0x00000188      0x17c ./system/src/stm32f4-hal/stm32f4xx_hal_cortex.o
 .debug_frame   0x00000304       0xf8 ./system/src/stm32f4-hal/stm32f4xx_hal_gpio.o
 .debug_frame   0x000003fc      0x158 ./system/src/stm32f4-hal/stm32f4xx_hal_rcc.o
 .debug_frame   0x00000554       0x38 ./system/src/newlib/_exit.o
 .debug_frame   0x0000058c       0x28 ./system/src/newlib/_sbrk.o
 .debug_frame   0x000005b4       0x7c ./system/src/newlib/_startup.o
 .debug_frame   0x00000630      0x3d0 ./system/src/newlib/_syscalls.o
 .debug_frame   0x00000a00       0x40 ./system/src/newlib/assert.o
 .debug_frame   0x00000a40       0x94 ./system/src/diag/Trace.o
 .debug_frame   0x00000ad4       0x60 ./system/src/diag/trace_impl.o
 .debug_frame   0x00000b34       0x40 ./system/src/cortexm/_initialize_hardware.o
 .debug_frame   0x00000b74      0x164 ./system/src/cortexm/exception_handlers.o
 .debug_frame   0x00000cd8       0x30 ./system/src/cmsis/system_stm32f4xx.o
 .debug_frame   0x00000d08       0x20 ./system/src/cmsis/vectors_stm32f407xx.o
 .debug_frame   0x00000d28       0x30 ./src/BlinkLed.o
 .debug_frame   0x00000d58       0x58 ./src/Timer.o
 .debug_frame   0x00000db0       0x48 ./src/_initialize_hardware.o
 .debug_frame   0x00000df8       0x2c ./src/main.o
 .debug_frame   0x00000e24       0x50 ./src/stm32f4xx_hal_msp.o
 .debug_frame   0x00000e74       0x30 c:/program files (x86)/gnu tools arm embedded/5.4 2016q2/bin/../lib/gcc/arm-none-eabi/5.4.1/../../../../arm-none-eabi/lib/armv7e-m\libg_nano.a(lib_a-atoi.o)
 .debug_frame   0x00000ea4       0x20 c:/program files (x86)/gnu tools arm embedded/5.4 2016q2/bin/../lib/gcc/arm-none-eabi/5.4.1/../../../../arm-none-eabi/lib/armv7e-m\libg_nano.a(lib_a-errno.o)
 .debug_frame   0x00000ec4      0x11c c:/program files (x86)/gnu tools arm embedded/5.4 2016q2/bin/../lib/gcc/arm-none-eabi/5.4.1/../../../../arm-none-eabi/lib/armv7e-m\libg_nano.a(lib_a-findfp.o)
 .debug_frame   0x00000fe0       0x54 c:/program files (x86)/gnu tools arm embedded/5.4 2016q2/bin/../lib/gcc/arm-none-eabi/5.4.1/../../../../arm-none-eabi/lib/armv7e-m\libg_nano.a(lib_a-fwalk.o)
 .debug_frame   0x00001034       0x4c c:/program files (x86)/gnu tools arm embedded/5.4 2016q2/bin/../lib/gcc/arm-none-eabi/5.4.1/../../../../arm-none-eabi/lib/armv7e-m\libg_nano.a(lib_a-fwrite.o)
 .debug_frame   0x00001080       0x20 c:/program files (x86)/gnu tools arm embedded/5.4 2016q2/bin/../lib/gcc/arm-none-eabi/5.4.1/../../../../arm-none-eabi/lib/armv7e-m\libg_nano.a(lib_a-memset.o)
 .debug_frame   0x000010a0       0x2c c:/program files (x86)/gnu tools arm embedded/5.4 2016q2/bin/../lib/gcc/arm-none-eabi/5.4.1/../../../../arm-none-eabi/lib/armv7e-m\libg_nano.a(lib_a-nano-mallocr.o)
 .debug_frame   0x000010cc       0x3c c:/program files (x86)/gnu tools arm embedded/5.4 2016q2/bin/../lib/gcc/arm-none-eabi/5.4.1/../../../../arm-none-eabi/lib/armv7e-m\libg_nano.a(lib_a-puts.o)
 .debug_frame   0x00001108       0x2c c:/program files (x86)/gnu tools arm embedded/5.4 2016q2/bin/../lib/gcc/arm-none-eabi/5.4.1/../../../../arm-none-eabi/lib/armv7e-m\libg_nano.a(lib_a-sbrkr.o)
 .debug_frame   0x00001134       0x88 c:/program files (x86)/gnu tools arm embedded/5.4 2016q2/bin/../lib/gcc/arm-none-eabi/5.4.1/../../../../arm-none-eabi/lib/armv7e-m\libg_nano.a(lib_a-stdio.o)
 .debug_frame   0x000011bc       0x20 c:/program files (x86)/gnu tools arm embedded/5.4 2016q2/bin/../lib/gcc/arm-none-eabi/5.4.1/../../../../arm-none-eabi/lib/armv7e-m\libg_nano.a(lib_a-strcmp.o)
 .debug_frame   0x000011dc       0x44 c:/program files (x86)/gnu tools arm embedded/5.4 2016q2/bin/../lib/gcc/arm-none-eabi/5.4.1/../../../../arm-none-eabi/lib/armv7e-m\libg_nano.a(lib_a-strtol.o)
 .debug_frame   0x00001220       0x48 c:/program files (x86)/gnu tools arm embedded/5.4 2016q2/bin/../lib/gcc/arm-none-eabi/5.4.1/../../../../arm-none-eabi/lib/armv7e-m\libg_nano.a(lib_a-vsnprintf.o)
 .debug_frame   0x00001268       0x40 c:/program files (x86)/gnu tools arm embedded/5.4 2016q2/bin/../lib/gcc/arm-none-eabi/5.4.1/../../../../arm-none-eabi/lib/armv7e-m\libg_nano.a(lib_a-wbuf.o)
 .debug_frame   0x000012a8       0x2c c:/program files (x86)/gnu tools arm embedded/5.4 2016q2/bin/../lib/gcc/arm-none-eabi/5.4.1/../../../../arm-none-eabi/lib/armv7e-m\libg_nano.a(lib_a-writer.o)
 .debug_frame   0x000012d4       0x2c c:/program files (x86)/gnu tools arm embedded/5.4 2016q2/bin/../lib/gcc/arm-none-eabi/5.4.1/../../../../arm-none-eabi/lib/armv7e-m\libg_nano.a(lib_a-wsetup.o)
 .debug_frame   0x00001300       0x2c c:/program files (x86)/gnu tools arm embedded/5.4 2016q2/bin/../lib/gcc/arm-none-eabi/5.4.1/../../../../arm-none-eabi/lib/armv7e-m\libg_nano.a(lib_a-closer.o)
 .debug_frame   0x0000132c       0x68 c:/program files (x86)/gnu tools arm embedded/5.4 2016q2/bin/../lib/gcc/arm-none-eabi/5.4.1/../../../../arm-none-eabi/lib/armv7e-m\libg_nano.a(lib_a-fflush.o)
 .debug_frame   0x00001394       0x2c c:/program files (x86)/gnu tools arm embedded/5.4 2016q2/bin/../lib/gcc/arm-none-eabi/5.4.1/../../../../arm-none-eabi/lib/armv7e-m\libg_nano.a(lib_a-lseekr.o)
 .debug_frame   0x000013c0       0x54 c:/program files (x86)/gnu tools arm embedded/5.4 2016q2/bin/../lib/gcc/arm-none-eabi/5.4.1/../../../../arm-none-eabi/lib/armv7e-m\libg_nano.a(lib_a-makebuf.o)
 .debug_frame   0x00001414       0x30 c:/program files (x86)/gnu tools arm embedded/5.4 2016q2/bin/../lib/gcc/arm-none-eabi/5.4.1/../../../../arm-none-eabi/lib/armv7e-m\libg_nano.a(lib_a-mlock.o)
 .debug_frame   0x00001444       0x38 c:/program files (x86)/gnu tools arm embedded/5.4 2016q2/bin/../lib/gcc/arm-none-eabi/5.4.1/../../../../arm-none-eabi/lib/armv7e-m\libg_nano.a(lib_a-nano-freer.o)
 .debug_frame   0x0000147c       0x90 c:/program files (x86)/gnu tools arm embedded/5.4 2016q2/bin/../lib/gcc/arm-none-eabi/5.4.1/../../../../arm-none-eabi/lib/armv7e-m\libg_nano.a(lib_a-nano-svfprintf.o)
 .debug_frame   0x0000150c       0x60 c:/program files (x86)/gnu tools arm embedded/5.4 2016q2/bin/../lib/gcc/arm-none-eabi/5.4.1/../../../../arm-none-eabi/lib/armv7e-m\libg_nano.a(lib_a-nano-vfprintf_i.o)
 .debug_frame   0x0000156c       0x2c c:/program files (x86)/gnu tools arm embedded/5.4 2016q2/bin/../lib/gcc/arm-none-eabi/5.4.1/../../../../arm-none-eabi/lib/armv7e-m\libg_nano.a(lib_a-readr.o)
 .debug_frame   0x00001598       0x2c c:/program files (x86)/gnu tools arm embedded/5.4 2016q2/bin/../lib/gcc/arm-none-eabi/5.4.1/../../../../arm-none-eabi/lib/armv7e-m\libg_nano.a(lib_a-fstatr.o)
 .debug_frame   0x000015c4       0x2c c:/program files (x86)/gnu tools arm embedded/5.4 2016q2/bin/../lib/gcc/arm-none-eabi/5.4.1/../../../../arm-none-eabi/lib/armv7e-m\libg_nano.a(lib_a-isattyr.o)
 .debug_frame   0x000015f0       0x28 c:/program files (x86)/gnu tools arm embedded/5.4 2016q2/bin/../lib/gcc/arm-none-eabi/5.4.1/../../../../arm-none-eabi/lib/armv7e-m\libg_nano.a(lib_a-memcpy-stub.o)
 .debug_frame   0x00001618       0x28 c:/program files (x86)/gnu tools arm embedded/5.4 2016q2/bin/../lib/gcc/arm-none-eabi/5.4.1/../../../../arm-none-eabi/lib/armv7e-m\libg_nano.a(lib_a-memmove.o)
 .debug_frame   0x00001640       0x3c c:/program files (x86)/gnu tools arm embedded/5.4 2016q2/bin/../lib/gcc/arm-none-eabi/5.4.1/../../../../arm-none-eabi/lib/armv7e-m\libg_nano.a(lib_a-nano-reallocr.o)
 .debug_frame   0x0000167c       0x20 c:/program files (x86)/gnu tools arm embedded/5.4 2016q2/bin/../lib/gcc/arm-none-eabi/5.4.1/../../../../arm-none-eabi/lib/armv7e-m\libg_nano.a(lib_a-nano-msizer.o)

.debug_str      0x00000000    0xa7b96
 *(.debug_str)
 .debug_str     0x00000000    0xa31fd ./system/src/stm32f4-hal/stm32f4xx_hal.o
                              0xa3593 (size before relaxing)
 .debug_str     0x000a31fd      0x39a ./system/src/stm32f4-hal/stm32f4xx_hal_cortex.o
                              0xa3410 (size before relaxing)
 .debug_str     0x000a3597      0x2dd ./system/src/stm32f4-hal/stm32f4xx_hal_gpio.o
                              0xa2e21 (size before relaxing)
 .debug_str     0x000a3874      0x394 ./system/src/stm32f4-hal/stm32f4xx_hal_rcc.o
                              0xa2fbf (size before relaxing)
 .debug_str     0x000a3c08     0x10b1 ./system/src/newlib/_exit.o
                               0x6eff (size before relaxing)
 .debug_str     0x000a4cb9      0x4de ./system/src/newlib/_sbrk.o
                               0x62ea (size before relaxing)
 .debug_str     0x000a5197      0x2c6 ./system/src/newlib/_startup.o
                               0x5eb4 (size before relaxing)
 .debug_str     0x000a545d     0x1e65 ./system/src/newlib/_syscalls.o
                               0xa2e4 (size before relaxing)
 .debug_str     0x000a72c2       0xd0 ./system/src/newlib/assert.o
                               0x79d9 (size before relaxing)
 .debug_str     0x000a7392      0x168 ./system/src/diag/Trace.o
                               0x76df (size before relaxing)
 .debug_str     0x000a74fa       0xa2 ./system/src/diag/trace_impl.o
                              0xa3ccf (size before relaxing)
 .debug_str     0x000a759c       0x5e ./system/src/cortexm/_initialize_hardware.o
                              0xa2ac5 (size before relaxing)
 .debug_str     0x000a75fa      0x1dc ./system/src/cortexm/exception_handlers.o
                              0xa3ec5 (size before relaxing)
 .debug_str     0x000a77d6       0x46 ./system/src/cmsis/system_stm32f4xx.o
                              0xa2ba4 (size before relaxing)
 .debug_str     0x000a781c       0x59 ./system/src/cmsis/vectors_stm32f407xx.o
                               0x34ab (size before relaxing)
 .debug_str     0x000a7875      0x12f ./src/BlinkLed.o
                              0xa2c70 (size before relaxing)
 .debug_str     0x000a79a4       0x76 ./src/Timer.o
                              0xa30c4 (size before relaxing)
 .debug_str     0x000a7a1a       0x31 ./src/_initialize_hardware.o
                              0xa2caa (size before relaxing)
 .debug_str     0x000a7a4b      0x10e ./src/main.o
                              0xa4111 (size before relaxing)
 .debug_str     0x000a7b59       0x3d ./src/stm32f4xx_hal_msp.o
                              0xa29ef (size before relaxing)

.debug_loc      0x00000000     0x2dba
 *(.debug_loc)
 .debug_loc     0x00000000       0x92 ./system/src/stm32f4-hal/stm32f4xx_hal.o
 .debug_loc     0x00000092      0x580 ./system/src/stm32f4-hal/stm32f4xx_hal_cortex.o
 .debug_loc     0x00000612      0x4b0 ./system/src/stm32f4-hal/stm32f4xx_hal_gpio.o
 .debug_loc     0x00000ac2      0x57a ./system/src/stm32f4-hal/stm32f4xx_hal_rcc.o
 .debug_loc     0x0000103c       0x82 ./system/src/newlib/_sbrk.o
 .debug_loc     0x000010be      0x36e ./system/src/newlib/_startup.o
 .debug_loc     0x0000142c      0xf8a ./system/src/newlib/_syscalls.o
 .debug_loc     0x000023b6      0x110 ./system/src/newlib/assert.o
 .debug_loc     0x000024c6      0x102 ./system/src/diag/Trace.o
 .debug_loc     0x000025c8      0x17c ./system/src/diag/trace_impl.o
 .debug_loc     0x00002744      0x43a ./system/src/cortexm/exception_handlers.o
 .debug_loc     0x00002b7e      0x132 ./system/src/cmsis/system_stm32f4xx.o
 .debug_loc     0x00002cb0       0x59 ./src/Timer.o
 .debug_loc     0x00002d09       0xb1 ./src/main.o

.debug_macinfo
 *(.debug_macinfo)

.debug_weaknames
 *(.debug_weaknames)

.debug_funcnames
 *(.debug_funcnames)

.debug_typenames
 *(.debug_typenames)

.debug_varnames
 *(.debug_varnames)
OUTPUT(STM32F4Discovery-FreeRTOS.elf elf32-littlearm)

.debug_ranges   0x00000000      0x570
 .debug_ranges  0x00000000       0xb0 ./system/src/stm32f4-hal/stm32f4xx_hal.o
 .debug_ranges  0x000000b0       0x88 ./system/src/stm32f4-hal/stm32f4xx_hal_cortex.o
 .debug_ranges  0x00000138       0x48 ./system/src/stm32f4-hal/stm32f4xx_hal_gpio.o
 .debug_ranges  0x00000180       0x78 ./system/src/stm32f4-hal/stm32f4xx_hal_rcc.o
 .debug_ranges  0x000001f8       0x18 ./system/src/newlib/_exit.o
 .debug_ranges  0x00000210       0x10 ./system/src/newlib/_sbrk.o
 .debug_ranges  0x00000220       0x30 ./system/src/newlib/_startup.o
 .debug_ranges  0x00000250      0x148 ./system/src/newlib/_syscalls.o
 .debug_ranges  0x00000398       0x18 ./system/src/newlib/assert.o
 .debug_ranges  0x000003b0       0x28 ./system/src/diag/Trace.o
 .debug_ranges  0x000003d8       0x38 ./system/src/diag/trace_impl.o
 .debug_ranges  0x00000410       0x18 ./system/src/cortexm/_initialize_hardware.o
 .debug_ranges  0x00000428       0x98 ./system/src/cortexm/exception_handlers.o
 .debug_ranges  0x000004c0       0x18 ./system/src/cmsis/system_stm32f4xx.o
 .debug_ranges  0x000004d8       0x10 ./system/src/cmsis/vectors_stm32f407xx.o
 .debug_ranges  0x000004e8       0x10 ./src/BlinkLed.o
 .debug_ranges  0x000004f8       0x28 ./src/Timer.o
 .debug_ranges  0x00000520       0x18 ./src/_initialize_hardware.o
 .debug_ranges  0x00000538       0x10 ./src/main.o
 .debug_ranges  0x00000548       0x28 ./src/stm32f4xx_hal_msp.o

.debug_macro    0x00000000    0x1c65f
 .debug_macro   0x00000000      0x545 ./system/src/stm32f4-hal/stm32f4xx_hal.o
 .debug_macro   0x00000545      0x89e ./system/src/stm32f4-hal/stm32f4xx_hal.o
 .debug_macro   0x00000de3      0x283 ./system/src/stm32f4-hal/stm32f4xx_hal.o
 .debug_macro   0x00001066       0x2e ./system/src/stm32f4-hal/stm32f4xx_hal.o
 .debug_macro   0x00001094       0x28 ./system/src/stm32f4-hal/stm32f4xx_hal.o
 .debug_macro   0x000010bc       0x22 ./system/src/stm32f4-hal/stm32f4xx_hal.o
 .debug_macro   0x000010de       0x87 ./system/src/stm32f4-hal/stm32f4xx_hal.o
 .debug_macro   0x00001165       0x44 ./system/src/stm32f4-hal/stm32f4xx_hal.o
 .debug_macro   0x000011a9       0xfd ./system/src/stm32f4-hal/stm32f4xx_hal.o
 .debug_macro   0x000012a6       0x5e ./system/src/stm32f4-hal/stm32f4xx_hal.o
 .debug_macro   0x00001304      0x1df ./system/src/stm32f4-hal/stm32f4xx_hal.o
 .debug_macro   0x000014e3       0x35 ./system/src/stm32f4-hal/stm32f4xx_hal.o
 .debug_macro   0x00001518       0x50 ./system/src/stm32f4-hal/stm32f4xx_hal.o
 .debug_macro   0x00001568      0xe66 ./system/src/stm32f4-hal/stm32f4xx_hal.o
 .debug_macro   0x000023ce     0x929b ./system/src/stm32f4-hal/stm32f4xx_hal.o
 .debug_macro   0x0000b669       0x43 ./system/src/stm32f4-hal/stm32f4xx_hal.o
 .debug_macro   0x0000b6ac     0x33a6 ./system/src/stm32f4-hal/stm32f4xx_hal.o
 .debug_macro   0x0000ea52       0x52 ./system/src/stm32f4-hal/stm32f4xx_hal.o
 .debug_macro   0x0000eaa4       0x35 ./system/src/stm32f4-hal/stm32f4xx_hal.o
 .debug_macro   0x0000ead9       0x9c ./system/src/stm32f4-hal/stm32f4xx_hal.o
 .debug_macro   0x0000eb75       0x16 ./system/src/stm32f4-hal/stm32f4xx_hal.o
 .debug_macro   0x0000eb8b       0x97 ./system/src/stm32f4-hal/stm32f4xx_hal.o
 .debug_macro   0x0000ec22      0x30d ./system/src/stm32f4-hal/stm32f4xx_hal.o
 .debug_macro   0x0000ef2f       0xfd ./system/src/stm32f4-hal/stm32f4xx_hal.o
 .debug_macro   0x0000f02c       0x10 ./system/src/stm32f4-hal/stm32f4xx_hal.o
 .debug_macro   0x0000f03c       0x52 ./system/src/stm32f4-hal/stm32f4xx_hal.o
 .debug_macro   0x0000f08e       0x1f ./system/src/stm32f4-hal/stm32f4xx_hal.o
 .debug_macro   0x0000f0ad       0x43 ./system/src/stm32f4-hal/stm32f4xx_hal.o
 .debug_macro   0x0000f0f0       0x20 ./system/src/stm32f4-hal/stm32f4xx_hal.o
 .debug_macro   0x0000f110      0x187 ./system/src/stm32f4-hal/stm32f4xx_hal.o
 .debug_macro   0x0000f297       0x10 ./system/src/stm32f4-hal/stm32f4xx_hal.o
 .debug_macro   0x0000f2a7       0x1c ./system/src/stm32f4-hal/stm32f4xx_hal.o
 .debug_macro   0x0000f2c3       0x52 ./system/src/stm32f4-hal/stm32f4xx_hal.o
 .debug_macro   0x0000f315       0x40 ./system/src/stm32f4-hal/stm32f4xx_hal.o
 .debug_macro   0x0000f355       0x10 ./system/src/stm32f4-hal/stm32f4xx_hal.o
 .debug_macro   0x0000f365       0x40 ./system/src/stm32f4-hal/stm32f4xx_hal.o
 .debug_macro   0x0000f3a5       0xd7 ./system/src/stm32f4-hal/stm32f4xx_hal.o
 .debug_macro   0x0000f47c       0x16 ./system/src/stm32f4-hal/stm32f4xx_hal.o
 .debug_macro   0x0000f492      0x189 ./system/src/stm32f4-hal/stm32f4xx_hal.o
 .debug_macro   0x0000f61b       0x57 ./system/src/stm32f4-hal/stm32f4xx_hal.o
 .debug_macro   0x0000f672      0x964 ./system/src/stm32f4-hal/stm32f4xx_hal.o
 .debug_macro   0x0000ffd6      0x9da ./system/src/stm32f4-hal/stm32f4xx_hal.o
 .debug_macro   0x000109b0      0x11e ./system/src/stm32f4-hal/stm32f4xx_hal.o
 .debug_macro   0x00010ace      0x13e ./system/src/stm32f4-hal/stm32f4xx_hal.o
 .debug_macro   0x00010c0c       0x27 ./system/src/stm32f4-hal/stm32f4xx_hal.o
 .debug_macro   0x00010c33      0x272 ./system/src/stm32f4-hal/stm32f4xx_hal.o
 .debug_macro   0x00010ea5       0x5f ./system/src/stm32f4-hal/stm32f4xx_hal.o
 .debug_macro   0x00010f04      0x23a ./system/src/stm32f4-hal/stm32f4xx_hal.o
 .debug_macro   0x0001113e      0x391 ./system/src/stm32f4-hal/stm32f4xx_hal.o
 .debug_macro   0x000114cf      0x16f ./system/src/stm32f4-hal/stm32f4xx_hal.o
 .debug_macro   0x0001163e       0xf9 ./system/src/stm32f4-hal/stm32f4xx_hal.o
 .debug_macro   0x00011737      0x36e ./system/src/stm32f4-hal/stm32f4xx_hal.o
 .debug_macro   0x00011aa5       0x23 ./system/src/stm32f4-hal/stm32f4xx_hal.o
 .debug_macro   0x00011ac8       0xe6 ./system/src/stm32f4-hal/stm32f4xx_hal.o
 .debug_macro   0x00011bae       0xa1 ./system/src/stm32f4-hal/stm32f4xx_hal.o
 .debug_macro   0x00011c4f       0x3c ./system/src/stm32f4-hal/stm32f4xx_hal.o
 .debug_macro   0x00011c8b      0x1af ./system/src/stm32f4-hal/stm32f4xx_hal.o
 .debug_macro   0x00011e3a      0xcd6 ./system/src/stm32f4-hal/stm32f4xx_hal.o
 .debug_macro   0x00012b10      0x13a ./system/src/stm32f4-hal/stm32f4xx_hal.o
 .debug_macro   0x00012c4a      0x21e ./system/src/stm32f4-hal/stm32f4xx_hal.o
 .debug_macro   0x00012e68       0x2e ./system/src/stm32f4-hal/stm32f4xx_hal.o
 .debug_macro   0x00012e96      0x512 ./system/src/stm32f4-hal/stm32f4xx_hal.o
 .debug_macro   0x000133a8       0x88 ./system/src/stm32f4-hal/stm32f4xx_hal.o
 .debug_macro   0x00013430       0xd5 ./system/src/stm32f4-hal/stm32f4xx_hal.o
 .debug_macro   0x00013505      0x183 ./system/src/stm32f4-hal/stm32f4xx_hal.o
 .debug_macro   0x00013688      0x1a7 ./system/src/stm32f4-hal/stm32f4xx_hal.o
 .debug_macro   0x0001382f       0xa5 ./system/src/stm32f4-hal/stm32f4xx_hal.o
 .debug_macro   0x000138d4      0x18b ./system/src/stm32f4-hal/stm32f4xx_hal.o
 .debug_macro   0x00013a5f       0x24 ./system/src/stm32f4-hal/stm32f4xx_hal.o
 .debug_macro   0x00013a83       0x35 ./system/src/stm32f4-hal/stm32f4xx_hal.o
 .debug_macro   0x00013ab8       0x97 ./system/src/stm32f4-hal/stm32f4xx_hal.o
 .debug_macro   0x00013b4f      0x11e ./system/src/stm32f4-hal/stm32f4xx_hal.o
 .debug_macro   0x00013c6d       0x7f ./system/src/stm32f4-hal/stm32f4xx_hal.o
 .debug_macro   0x00013cec       0x89 ./system/src/stm32f4-hal/stm32f4xx_hal.o
 .debug_macro   0x00013d75       0x7e ./system/src/stm32f4-hal/stm32f4xx_hal.o
 .debug_macro   0x00013df3      0x31a ./system/src/stm32f4-hal/stm32f4xx_hal.o
 .debug_macro   0x0001410d      0x409 ./system/src/stm32f4-hal/stm32f4xx_hal.o
 .debug_macro   0x00014516       0xe4 ./system/src/stm32f4-hal/stm32f4xx_hal.o
 .debug_macro   0x000145fa      0x48d ./system/src/stm32f4-hal/stm32f4xx_hal.o
 .debug_macro   0x00014a87      0x22b ./system/src/stm32f4-hal/stm32f4xx_hal.o
 .debug_macro   0x00014cb2      0x202 ./system/src/stm32f4-hal/stm32f4xx_hal.o
 .debug_macro   0x00014eb4      0x6d9 ./system/src/stm32f4-hal/stm32f4xx_hal.o
 .debug_macro   0x0001558d       0x5b ./system/src/stm32f4-hal/stm32f4xx_hal.o
 .debug_macro   0x000155e8      0x14d ./system/src/stm32f4-hal/stm32f4xx_hal.o
 .debug_macro   0x00015735      0x287 ./system/src/stm32f4-hal/stm32f4xx_hal.o
 .debug_macro   0x000159bc      0x225 ./system/src/stm32f4-hal/stm32f4xx_hal.o
 .debug_macro   0x00015be1      0x1b5 ./system/src/stm32f4-hal/stm32f4xx_hal.o
 .debug_macro   0x00015d96      0x2db ./system/src/stm32f4-hal/stm32f4xx_hal.o
 .debug_macro   0x00016071       0x94 ./system/src/stm32f4-hal/stm32f4xx_hal.o
 .debug_macro   0x00016105      0x1df ./system/src/stm32f4-hal/stm32f4xx_hal.o
 .debug_macro   0x000162e4      0x115 ./system/src/stm32f4-hal/stm32f4xx_hal.o
 .debug_macro   0x000163f9       0x6e ./system/src/stm32f4-hal/stm32f4xx_hal.o
 .debug_macro   0x00016467      0x125 ./system/src/stm32f4-hal/stm32f4xx_hal.o
 .debug_macro   0x0001658c      0x4f7 ./system/src/stm32f4-hal/stm32f4xx_hal_cortex.o
 .debug_macro   0x00016a83      0x52f ./system/src/stm32f4-hal/stm32f4xx_hal_gpio.o
 .debug_macro   0x00016fb2      0x521 ./system/src/stm32f4-hal/stm32f4xx_hal_rcc.o
 .debug_macro   0x000174d3      0x19c ./system/src/newlib/_exit.o
 .debug_macro   0x0001766f      0x10e ./system/src/newlib/_exit.o
 .debug_macro   0x0001777d       0x8d ./system/src/newlib/_exit.o
 .debug_macro   0x0001780a       0x35 ./system/src/newlib/_exit.o
 .debug_macro   0x0001783f      0x151 ./system/src/newlib/_sbrk.o
 .debug_macro   0x00017990      0x174 ./system/src/newlib/_sbrk.o
 .debug_macro   0x00017b04       0x10 ./system/src/newlib/_sbrk.o
 .debug_macro   0x00017b14      0x23b ./system/src/newlib/_sbrk.o
 .debug_macro   0x00017d4f      0x170 ./system/src/newlib/_startup.o
 .debug_macro   0x00017ebf      0x8a4 ./system/src/newlib/_startup.o
 .debug_macro   0x00018763      0x2b8 ./system/src/newlib/_syscalls.o
 .debug_macro   0x00018a1b       0x10 ./system/src/newlib/_syscalls.o
 .debug_macro   0x00018a2b       0x10 ./system/src/newlib/_syscalls.o
 .debug_macro   0x00018a3b       0x10 ./system/src/newlib/_syscalls.o
 .debug_macro   0x00018a4b       0x35 ./system/src/newlib/_syscalls.o
 .debug_macro   0x00018a80      0x122 ./system/src/newlib/_syscalls.o
 .debug_macro   0x00018ba2      0x1da ./system/src/newlib/_syscalls.o
 .debug_macro   0x00018d7c       0x10 ./system/src/newlib/_syscalls.o
 .debug_macro   0x00018d8c       0x1c ./system/src/newlib/_syscalls.o
 .debug_macro   0x00018da8       0x16 ./system/src/newlib/_syscalls.o
 .debug_macro   0x00018dbe       0x88 ./system/src/newlib/_syscalls.o
 .debug_macro   0x00018e46      0x241 ./system/src/newlib/_syscalls.o
 .debug_macro   0x00019087       0x16 ./system/src/newlib/_syscalls.o
 .debug_macro   0x0001909d       0x3a ./system/src/newlib/_syscalls.o
 .debug_macro   0x000190d7       0xac ./system/src/newlib/_syscalls.o
 .debug_macro   0x00019183      0x159 ./system/src/newlib/_syscalls.o
 .debug_macro   0x000192dc       0x16 ./system/src/newlib/_syscalls.o
 .debug_macro   0x000192f2       0x22 ./system/src/newlib/_syscalls.o
 .debug_macro   0x00019314      0x1c7 ./system/src/newlib/assert.o
 .debug_macro   0x000194db       0x1c ./system/src/newlib/assert.o
 .debug_macro   0x000194f7      0x1c9 ./system/src/diag/Trace.o
 .debug_macro   0x000196c0       0x52 ./system/src/diag/Trace.o
 .debug_macro   0x00019712      0x53d ./system/src/diag/trace_impl.o
 .debug_macro   0x00019c4f      0x501 ./system/src/cortexm/_initialize_hardware.o
 .debug_macro   0x0001a150      0x56b ./system/src/cortexm/exception_handlers.o
 .debug_macro   0x0001a6bb       0x3b ./system/src/cortexm/exception_handlers.o
 .debug_macro   0x0001a6f6      0x4fd ./system/src/cmsis/system_stm32f4xx.o
 .debug_macro   0x0001abf3       0x73 ./system/src/cmsis/vectors_stm32f407xx.o
 .debug_macro   0x0001ac66      0x506 ./src/BlinkLed.o
 .debug_macro   0x0001b16c       0x28 ./src/BlinkLed.o
 .debug_macro   0x0001b194      0x51a ./src/Timer.o
 .debug_macro   0x0001b6ae       0x10 ./src/Timer.o
 .debug_macro   0x0001b6be      0x4f7 ./src/_initialize_hardware.o
 .debug_macro   0x0001bbb5      0x585 ./src/main.o
 .debug_macro   0x0001c13a       0x2e ./src/main.o
 .debug_macro   0x0001c168      0x4f7 ./src/stm32f4xx_hal_msp.o
